#
# A fatal error has been detected by the Java Runtime Environment:
#
#  EXCEPTION_ACCESS_VIOLATION (0xc0000005) at pc=0x00007ff930b62c27, pid=22204, tid=22272
#
# JRE version: OpenJDK Runtime Environment AdoptOpenJDK (11.0.8+1) (build 11.0.8+1-202007270708)
# Java VM: Dynamic Code Evolution 64-Bit Server VM AdoptOpenJDK (11.0.8+1-202007270708, mixed mode, tiered, compressed oops, serial gc, windows-amd64)
# Problematic frame:
# V  [jvm.dll+0x132c27]
#
# No core dump will be written. Minidumps are not enabled by default on client versions of Windows
#
# If you would like to submit a bug report, please visit:
#   https://github.com/AdoptOpenJDK/openjdk-build/issues
#

---------------  S U M M A R Y ------------

Command Line: -Dfile.encoding=UTF-8 com.sta.biometric.run.biometric

Host: Intel(R) Core(TM) i5-10400 CPU @ 2.90GHz, 12 cores, 31G,  Windows 10 , 64 bit Build 26100 (10.0.26100.7019)
Time: Sat Nov 29 22:42:38 2025 Hora estándar de Argentina elapsed time: 175 seconds (0d 0h 2m 55s)

---------------  T H R E A D  ---------------

Current thread (0x000001fb614cb000):  JavaThread "C1 CompilerThread0" daemon [_thread_in_native, id=22272, stack(0x0000001b11300000,0x0000001b11400000)]


Current CompileTask:
C1: 175173 15579       2       java.util.concurrent.locks.AbstractQueuedSynchronizer::compareAndSetTail (10 bytes)

Stack: [0x0000001b11300000,0x0000001b11400000],  sp=0x0000001b113fe8d0,  free space=1018k
Native frames: (J=compiled Java code, j=interpreted, Vv=VM code, C=native code)
V  [jvm.dll+0x132c27]
V  [jvm.dll+0x1325f8]
V  [jvm.dll+0x129d43]
V  [jvm.dll+0x12c02d]
V  [jvm.dll+0x12a554]
V  [jvm.dll+0x123e4c]
V  [jvm.dll+0x1343aa]
V  [jvm.dll+0x11ef89]
V  [jvm.dll+0x11f2f0]
V  [jvm.dll+0x11f5af]
V  [jvm.dll+0x11e857]
V  [jvm.dll+0x120767]
V  [jvm.dll+0x20a247]
V  [jvm.dll+0x20842b]
V  [jvm.dll+0x6e59c9]
V  [jvm.dll+0x6dea74]
V  [jvm.dll+0x5e6fc6]
C  [ucrtbase.dll+0x37b0]
C  [KERNEL32.DLL+0x2e8d7]
C  [ntdll.dll+0x8c53c]


siginfo: EXCEPTION_ACCESS_VIOLATION (0xc0000005), reading address 0x0000000000000018


Register to memory mapping:

RIP=0x00007ff930b62c27 jvm.dll
RAX=0x000001fb6228b300 points into unknown readable memory: a0 a4 28 62 fb 01 00 00
RBX=0x00000000ffffffff is an unknown value
RCX=0x0000001b113fecc0 is pointing into the stack for thread: 0x000001fb614cb000
RDX=0x000001fb6228b1c0 points into unknown readable memory: 30 a7 28 62 fb 01 00 00
RSP=0x0000001b113fe8d0 is pointing into the stack for thread: 0x000001fb614cb000
RBP=0x0 is NULL
RSI=0x000001fb6228b1c0 points into unknown readable memory: 30 a7 28 62 fb 01 00 00
RDI=0x0000001b113fecc0 is pointing into the stack for thread: 0x000001fb614cb000
R8 =0x0 is NULL
R9 =0x0 is NULL
R10=0x0 is NULL
R11=0x0000001b113fe7c0 is pointing into the stack for thread: 0x000001fb614cb000
R12=0x00000000ffffffff is an unknown value
R13=0x000001fb6228a520 points into unknown readable memory: 10 73 22 31 f9 7f 00 00
R14=0x000001fb6228b240 points into unknown readable memory: 50 99 28 62 fb 01 00 00
R15=0x0 is NULL


Registers:
RAX=0x000001fb6228b300, RBX=0x00000000ffffffff, RCX=0x0000001b113fecc0, RDX=0x000001fb6228b1c0
RSP=0x0000001b113fe8d0, RBP=0x0000000000000000, RSI=0x000001fb6228b1c0, RDI=0x0000001b113fecc0
R8 =0x0000000000000000, R9 =0x0000000000000000, R10=0x0000000000000000, R11=0x0000001b113fe7c0
R12=0x00000000ffffffff, R13=0x000001fb6228a520, R14=0x000001fb6228b240, R15=0x0000000000000000
RIP=0x00007ff930b62c27, EFLAGS=0x0000000000010246

Top of Stack: (sp=0x0000001b113fe8d0)
0x0000001b113fe8d0:   000001fb66375e00 0000000000000000
0x0000001b113fe8e0:   000001fb66375f10 0000001b113fecc0
0x0000001b113fe8f0:   000001fb663726a0 000001fb66375c07
0x0000001b113fe900:   000001fb6228b1c0 000001fb62289bc0
0x0000001b113fe910:   0000001b113ffb50 0000000000000000
0x0000001b113fe920:   0000000000000000 0000000000000000
0x0000001b113fe930:   0000000000000000 000001fb66375f10
0x0000001b113fe940:   0000000000000000 0000001b113fecc0
0x0000001b113fe950:   0000000000000000 00007ff930b625f8
0x0000001b113fe960:   000001fb00000000 000001fb66375f10
0x0000001b113fe970:   0000000000000000 000001fb614cb000
0x0000001b113fe980:   000001fb000000b8 0000000000000000
0x0000001b113fe990:   000001fb66375f10 00007ff930b59d43
0x0000001b113fe9a0:   000001fb66375f10 00000000000000b8
0x0000001b113fe9b0:   0000001b113fecc0 0000001b113fecc0
0x0000001b113fe9c0:   000001fb000000b8 0000000000000000 

Instructions: (pc=0x00007ff930b62c27)
0x00007ff930b62b27:   63 c9 4c 89 2c c8 8b 53 04 44 3b fa 7c b0 44 0f
0x00007ff930b62b37:   b6 ac 24 a0 00 00 00 45 84 ed 74 06 4c 8b 4e 28
0x00007ff930b62b47:   eb 03 4c 8b cd 4c 8b 44 24 30 48 8b d6 c6 44 24
0x00007ff930b62b57:   28 01 48 8b cf 48 89 5c 24 20 e8 4a c6 ff ff 48
0x00007ff930b62b67:   8b 0f 48 8b 41 20 8b 50 38 2b 50 28 e8 d8 39 ff
0x00007ff930b62b77:   ff 4c 8b e8 48 85 c0 75 32 b9 d0 01 00 00 e8 e6
0x00007ff930b62b87:   1c ff ff 48 85 c0 74 1c 48 8b 0f 48 8b 51 20 8b
0x00007ff930b62b97:   4a 38 2b 4a 28 8b d1 48 8b c8 e8 4a 04 ff ff 4c
0x00007ff930b62ba7:   8b e8 eb 03 4c 8b ed 41 89 6d 70 41 8b 85 c0 00
0x00007ff930b62bb7:   00 00 4d 8b c5 48 8b d6 89 84 24 90 00 00 00 48
0x00007ff930b62bc7:   8b cf e8 12 ca ff ff 48 8b 47 08 48 83 78 68 00
0x00007ff930b62bd7:   0f 85 bf 05 00 00 48 8b 17 41 8b dc 48 8b 02 48
0x00007ff930b62be7:   8b 48 20 48 89 4a 20 48 8b 47 50 48 89 44 24 30
0x00007ff930b62bf7:   4c 8b 70 08 45 3b 66 38 7d 40 48 8b f0 0f 1f 40
0x00007ff930b62c07:   00 0f 1f 84 00 00 00 00 00 49 8b 46 50 44 8b cb
0x00007ff930b62c17:   48 63 cb 45 2b cc 48 8b d6 4c 8b 04 c8 48 8b cf
0x00007ff930b62c27:   49 8b 40 18 03 58 08 e8 fd ee ff ff 41 3b 5e 38
0x00007ff930b62c37:   7c d7 48 8b b4 24 98 00 00 00 45 89 66 38 4c 8b
0x00007ff930b62c47:   fd 8b 4e 18 4c 8b e5 8b c1 c1 e8 05 a8 01 0f 84
0x00007ff930b62c57:   77 01 00 00 c1 e9 03 f6 c1 01 0f 84 8f 00 00 00
0x00007ff930b62c67:   b9 60 00 00 00 e8 bf 70 fe ff 4c 8b f0 48 85 c0
0x00007ff930b62c77:   74 5e b9 18 00 00 00 e8 5d 9a fc ff 48 8b d8 48
0x00007ff930b62c87:   85 c0 74 39 48 8b 4e 28 48 8b 11 ff 92 88 00 00
0x00007ff930b62c97:   00 48 8d 0d 21 0f 6c 00 c7 43 08 01 00 00 00 48
0x00007ff930b62ca7:   89 0b 48 8b d3 49 8b ce c7 43 0c 04 00 00 00 48
0x00007ff930b62cb7:   89 43 10 e8 01 6b fe ff 48 8b d0 eb 16 48 8b dd
0x00007ff930b62cc7:   49 8b ce 48 8b d3 e8 ee 6a fe ff 48 8b d0 eb 03
0x00007ff930b62cd7:   48 8b d5 48 8b 07 48 8b 48 20 44 8b 41 10 44 2b
0x00007ff930b62ce7:   41 28 48 8b cf e8 2f 32 ff ff 4c 8b e0 eb 0b 48
0x00007ff930b62cf7:   8b 47 50 48 8b 50 30 4c 8b 22 b9 d0 01 00 00 e8
0x00007ff930b62d07:   65 1b ff ff 48 85 c0 74 10 ba ff ff ff ff 48 8b
0x00007ff930b62d17:   c8 e8 d3 02 ff ff 4c 8b f8 41 b8 ff ff ff ff 49 


Stack slot to memory mapping:
stack at sp + 0 slots: 0x000001fb66375e00 points into unknown readable memory: 00 00 00 00 00 00 00 00
stack at sp + 1 slots: 0x0 is NULL
stack at sp + 2 slots: 0x000001fb66375f10 points into unknown readable memory: d0 36 23 31 f9 7f 00 00
stack at sp + 3 slots: 0x0000001b113fecc0 is pointing into the stack for thread: 0x000001fb614cb000
stack at sp + 4 slots: 0x000001fb663726a0 points into unknown readable memory: b0 32 23 31 f9 7f 00 00
stack at sp + 5 slots: 0x000001fb66375c07 points into unknown readable memory: 00
stack at sp + 6 slots: 0x000001fb6228b1c0 points into unknown readable memory: 30 a7 28 62 fb 01 00 00
stack at sp + 7 slots: 0x000001fb62289bc0 points into unknown readable memory: 10 73 22 31 f9 7f 00 00


---------------  P R O C E S S  ---------------

Threads class SMR info:
_java_thread_list=0x000001fb63f94300, length=54, elements={
0x000001fb477be800, 0x000001fb6145c000, 0x000001fb61468800, 0x000001fb61477000,
0x000001fb6147c800, 0x000001fb6147f000, 0x000001fb614cb000, 0x000001fb614cc000,
0x000001fb617b0800, 0x000001fb620c8000, 0x000001fb62309800, 0x000001fb621c3000,
0x000001fb621c4000, 0x000001fb6271f000, 0x000001fb6226c000, 0x000001fb623f8800,
0x000001fb623f9800, 0x000001fb623dd000, 0x000001fb627e3800, 0x000001fb627e4800,
0x000001fb6224f000, 0x000001fb62251800, 0x000001fb62250000, 0x000001fb62253000,
0x000001fb62254000, 0x000001fb62252800, 0x000001fb62255000, 0x000001fb62255800,
0x000001fb63c8f800, 0x000001fb63c90800, 0x000001fb63c8e000, 0x000001fb63c8f000,
0x000001fb63c91000, 0x000001fb63c93000, 0x000001fb63c93800, 0x000001fb63c94800,
0x000001fb63c92000, 0x000001fb63c96000, 0x000001fb63c97000, 0x000001fb63c98000,
0x000001fb63c95800, 0x000001fb63c9b000, 0x000001fb63c98800, 0x000001fb63c9a000,
0x000001fb63c9c000, 0x000001fb63c99800, 0x000001fb63c9c800, 0x000001fb638f2000,
0x000001fb638ef800, 0x000001fb638f3000, 0x000001fb638f0800, 0x000001fb69bfb000,
0x000001fb6701f000, 0x000001fb617dd000
}

Java Threads: ( => current thread )
  0x000001fb477be800 JavaThread "main" [_thread_blocked, id=7288, stack(0x0000001b10c00000,0x0000001b10d00000)]
  0x000001fb6145c000 JavaThread "Reference Handler" daemon [_thread_blocked, id=8068, stack(0x0000001b10e00000,0x0000001b10f00000)]
  0x000001fb61468800 JavaThread "Finalizer" daemon [_thread_blocked, id=12420, stack(0x0000001b10f00000,0x0000001b11000000)]
  0x000001fb61477000 JavaThread "Signal Dispatcher" daemon [_thread_blocked, id=19224, stack(0x0000001b11000000,0x0000001b11100000)]
  0x000001fb6147c800 JavaThread "Attach Listener" daemon [_thread_blocked, id=20540, stack(0x0000001b11100000,0x0000001b11200000)]
  0x000001fb6147f000 JavaThread "C2 CompilerThread0" daemon [_thread_in_native, id=5448, stack(0x0000001b11200000,0x0000001b11300000)]
=>0x000001fb614cb000 JavaThread "C1 CompilerThread0" daemon [_thread_in_native, id=22272, stack(0x0000001b11300000,0x0000001b11400000)]
  0x000001fb614cc000 JavaThread "Sweeper thread" daemon [_thread_blocked, id=10312, stack(0x0000001b11400000,0x0000001b11500000)]
  0x000001fb617b0800 JavaThread "Common-Cleaner" daemon [_thread_blocked, id=7684, stack(0x0000001b11500000,0x0000001b11600000)]
  0x000001fb620c8000 JavaThread "Thread-0" daemon [_thread_blocked, id=14980, stack(0x0000001b11800000,0x0000001b11900000)]
  0x000001fb62309800 JavaThread "Thread-1" daemon [_thread_blocked, id=20768, stack(0x0000001b11900000,0x0000001b11a00000)]
  0x000001fb621c3000 JavaThread "FileSystemWatchService" daemon [_thread_in_native, id=13188, stack(0x0000001b11a00000,0x0000001b11b00000)]
  0x000001fb621c4000 JavaThread "FileSystemWatchService" daemon [_thread_in_native, id=8568, stack(0x0000001b11b00000,0x0000001b11c00000)]
  0x000001fb6271f000 JavaThread "Thread-2" daemon [_thread_blocked, id=1628, stack(0x0000001b11c00000,0x0000001b11d00000)]
  0x000001fb6226c000 JavaThread "Thread-3" daemon [_thread_blocked, id=5032, stack(0x0000001b11d00000,0x0000001b11e00000)]
  0x000001fb623f8800 JavaThread "FileSystemWatchService" daemon [_thread_in_native, id=17624, stack(0x0000001b11e00000,0x0000001b11f00000)]
  0x000001fb623f9800 JavaThread "FileSystemWatchService" daemon [_thread_in_native, id=2988, stack(0x0000001b11f00000,0x0000001b12000000)]
  0x000001fb623dd000 JavaThread "FileSystemWatchService" daemon [_thread_in_native, id=1884, stack(0x0000001b12000000,0x0000001b12100000)]
  0x000001fb627e3800 JavaThread "HotSwap Watcher" daemon [_thread_blocked, id=14752, stack(0x0000001b12100000,0x0000001b12200000)]
  0x000001fb627e4800 JavaThread "HotSwap Dispatcher" daemon [_thread_blocked, id=16340, stack(0x0000001b12200000,0x0000001b12300000)]
  0x000001fb6224f000 JavaThread "Thread-6" daemon [_thread_blocked, id=3988, stack(0x0000001b12300000,0x0000001b12400000)]
  0x000001fb62251800 JavaThread "Service Thread" daemon [_thread_blocked, id=16896, stack(0x0000001b12400000,0x0000001b12500000)]
  0x000001fb62250000 JavaThread "HSQLDB Server @1ed69045" [_thread_in_native, id=19036, stack(0x0000001b12700000,0x0000001b12800000)]
  0x000001fb62253000 JavaThread "HSQLDB Timer @5128b3d3" daemon [_thread_blocked, id=15464, stack(0x0000001b12800000,0x0000001b12900000)]
  0x000001fb62254000 JavaThread "DefaultQuartzScheduler_Worker-1" [_thread_blocked, id=2952, stack(0x0000001b12600000,0x0000001b12700000)]
  0x000001fb62252800 JavaThread "DefaultQuartzScheduler_Worker-2" [_thread_blocked, id=17156, stack(0x0000001b12900000,0x0000001b12a00000)]
  0x000001fb62255000 JavaThread "DefaultQuartzScheduler_Worker-3" [_thread_blocked, id=20824, stack(0x0000001b12a00000,0x0000001b12b00000)]
  0x000001fb62255800 JavaThread "DefaultQuartzScheduler_Worker-4" [_thread_blocked, id=21612, stack(0x0000001b12b00000,0x0000001b12c00000)]
  0x000001fb63c8f800 JavaThread "DefaultQuartzScheduler_Worker-5" [_thread_blocked, id=6936, stack(0x0000001b12c00000,0x0000001b12d00000)]
  0x000001fb63c90800 JavaThread "DefaultQuartzScheduler_Worker-6" [_thread_blocked, id=4376, stack(0x0000001b12d00000,0x0000001b12e00000)]
  0x000001fb63c8e000 JavaThread "DefaultQuartzScheduler_Worker-7" [_thread_blocked, id=8152, stack(0x0000001b12e00000,0x0000001b12f00000)]
  0x000001fb63c8f000 JavaThread "DefaultQuartzScheduler_Worker-8" [_thread_blocked, id=13192, stack(0x0000001b12f00000,0x0000001b13000000)]
  0x000001fb63c91000 JavaThread "DefaultQuartzScheduler_Worker-9" [_thread_blocked, id=15748, stack(0x0000001b13000000,0x0000001b13100000)]
  0x000001fb63c93000 JavaThread "DefaultQuartzScheduler_Worker-10" [_thread_blocked, id=20788, stack(0x0000001b13100000,0x0000001b13200000)]
  0x000001fb63c93800 JavaThread "DefaultQuartzScheduler_QuartzSchedulerThread" [_thread_blocked, id=11512, stack(0x0000001b13200000,0x0000001b13300000)]
  0x000001fb63c94800 JavaThread "Thread-12" daemon [_thread_blocked, id=11972, stack(0x0000001b11700000,0x0000001b11800000)]
  0x000001fb63c92000 JavaThread "Catalina-utility-1" [_thread_blocked, id=11676, stack(0x0000001b13300000,0x0000001b13400000)]
  0x000001fb63c96000 JavaThread "Catalina-utility-2" [_thread_blocked, id=5776, stack(0x0000001b13400000,0x0000001b13500000)]
  0x000001fb63c97000 JavaThread "http-nio-8080-exec-1" daemon [_thread_blocked, id=14252, stack(0x0000001b13500000,0x0000001b13600000)]
  0x000001fb63c98000 JavaThread "http-nio-8080-exec-2" daemon [_thread_blocked, id=13480, stack(0x0000001b13600000,0x0000001b13700000)]
  0x000001fb63c95800 JavaThread "http-nio-8080-exec-3" daemon [_thread_blocked, id=20828, stack(0x0000001b13700000,0x0000001b13800000)]
  0x000001fb63c9b000 JavaThread "http-nio-8080-exec-4" daemon [_thread_blocked, id=3856, stack(0x0000001b13800000,0x0000001b13900000)]
  0x000001fb63c98800 JavaThread "http-nio-8080-exec-5" daemon [_thread_blocked, id=9008, stack(0x0000001b13900000,0x0000001b13a00000)]
  0x000001fb63c9a000 JavaThread "http-nio-8080-exec-6" daemon [_thread_blocked, id=4596, stack(0x0000001b13a00000,0x0000001b13b00000)]
  0x000001fb63c9c000 JavaThread "http-nio-8080-exec-7" daemon [_thread_blocked, id=2072, stack(0x0000001b13b00000,0x0000001b13c00000)]
  0x000001fb63c99800 JavaThread "http-nio-8080-exec-8" daemon [_thread_blocked, id=14968, stack(0x0000001b13c00000,0x0000001b13d00000)]
  0x000001fb63c9c800 JavaThread "http-nio-8080-exec-9" daemon [_thread_blocked, id=15080, stack(0x0000001b13d00000,0x0000001b13e00000)]
  0x000001fb638f2000 JavaThread "http-nio-8080-exec-10" daemon [_thread_blocked, id=9328, stack(0x0000001b13e00000,0x0000001b13f00000)]
  0x000001fb638ef800 JavaThread "http-nio-8080-Poller" daemon [_thread_in_native, id=12928, stack(0x0000001b13f00000,0x0000001b14000000)]
  0x000001fb638f3000 JavaThread "http-nio-8080-Acceptor" daemon [_thread_in_native, id=1072, stack(0x0000001b14000000,0x0000001b14100000)]
  0x000001fb638f0800 JavaThread "HSQLDB Connection @5b0163bf" [_thread_in_native, id=21084, stack(0x0000001b14100000,0x0000001b14200000)]
  0x000001fb69bfb000 JavaThread "C2 CompilerThread1" daemon [_thread_in_native, id=21204, stack(0x0000001b10900000,0x0000001b10a00000)]
  0x000001fb6701f000 JavaThread "C2 CompilerThread2" daemon [_thread_in_native, id=14204, stack(0x0000001b14400000,0x0000001b14500000)]
  0x000001fb617dd000 JavaThread "Thread-1562" daemon [_thread_in_Java, id=18492, stack(0x0000001b10a00000,0x0000001b10b00000)]

Other Threads:
  0x000001fb61459000 VMThread "VM Thread" [stack: 0x0000001b10d00000,0x0000001b10e00000] [id=15132]
  0x000001fb637d6800 WatcherThread [stack: 0x0000001b12500000,0x0000001b12600000] [id=8952]

Threads with active compile tasks:
C2 CompilerThread0 175213 13073       4       org.hotswap.agent.javassist.bytecode.AttributeInfo::write (34 bytes)
C1 CompilerThread0 175213 15579       2       java.util.concurrent.locks.AbstractQueuedSynchronizer::compareAndSetTail (10 bytes)
C2 CompilerThread1 175213 15701       4       java.io.DataInputStream::readUTF (501 bytes)
C2 CompilerThread2 175213 15005       4       org.hotswap.agent.javassist.bytecode.CodeAttribute::<init> (116 bytes)

VM state:not at safepoint (normal execution)

VM Mutex/Monitor currently owned by a thread:  ([mutex/lock_event])
[0x000001fb477ba750] EnhancedRedefineClasses_lock - owner thread: 0x000001fb617dd000

Heap address: 0x0000000602a00000, size: 8150 MB, Compressed Oops mode: Zero based, Oop shift amount: 3
Narrow klass base: 0x0000000800000000, Narrow klass shift: 0
Compressed class space size: 1073741824 Address: 0x0000000800000000

Heap:
 def new generation   total 156800K, used 32604K [0x0000000602a00000, 0x000000060d420000, 0x00000006ac6a0000)
  eden space 139392K,  20% used [0x0000000602a00000, 0x00000006045d79a0, 0x000000060b220000)
  from space 17408K,  23% used [0x000000060b220000, 0x000000060b61f7f8, 0x000000060c320000)
  to   space 17408K,   0% used [0x000000060c320000, 0x000000060c320000, 0x000000060d420000)
 tenured generation   total 348160K, used 52048K [0x00000006ac6a0000, 0x00000006c1aa0000, 0x0000000800000000)
   the space 348160K,  14% used [0x00000006ac6a0000, 0x00000006af974310, 0x00000006af974400, 0x00000006c1aa0000)
 Metaspace       used 129637K, capacity 133226K, committed 133544K, reserved 1165312K
  class space    used 16254K, capacity 17544K, committed 17664K, reserved 1048576K

Card table byte_map: [0x000001fb5f0c0000,0x000001fb600b0000] _byte_map_base: 0x000001fb5c0ab000

Polling page: 0x000001fb47880000

Metaspace:

Usage:
  Non-class:    112.97 MB capacity,   110.73 MB ( 98%) used,     1.98 MB (  2%) free+waste,   266.94 KB ( <1%) overhead. 
      Class:     17.13 MB capacity,    15.87 MB ( 93%) used,     1.14 MB (  7%) free+waste,   120.00 KB ( <1%) overhead. 
       Both:    130.10 MB capacity,   126.60 MB ( 97%) used,     3.13 MB (  2%) free+waste,   386.94 KB ( <1%) overhead. 

Virtual space:
  Non-class space:      114.00 MB reserved,     113.16 MB (>99%) committed 
      Class space:        1.00 GB reserved,      17.25 MB (  2%) committed 
             Both:        1.11 GB reserved,     130.41 MB ( 11%) committed 

Chunk freelists:
   Non-Class:  6.00 KB
       Class:  0 bytes
        Both:  6.00 KB

MaxMetaspaceSize: 17179869184.00 GB
CompressedClassSpaceSize: 1.00 GB

CodeHeap 'non-profiled nmethods': size=120000Kb used=7530Kb max_used=7530Kb free=112470Kb
 bounds [0x000001fb579b0000, 0x000001fb58110000, 0x000001fb5eee0000]
CodeHeap 'profiled nmethods': size=120000Kb used=24346Kb max_used=24346Kb free=95653Kb
 bounds [0x000001fb50480000, 0x000001fb51c70000, 0x000001fb579b0000]
CodeHeap 'non-nmethods': size=5760Kb used=1336Kb max_used=1465Kb free=4423Kb
 bounds [0x000001fb4fee0000, 0x000001fb50150000, 0x000001fb50480000]
 total_blobs=13445 nmethods=12704 adapters=653
 compilation: enabled
              stopped_count=0, restarted_count=0
 full_count=0

Compilation events (20 events):
Event: 175.044 Thread 0x000001fb614cb000 nmethod 15562 0x000001fb580ffa10 code [0x000001fb580ffbc0, 0x000001fb580ffc78]
Event: 175.044 Thread 0x000001fb614cb000 15574       2       org.hotswap.agent.javassist.bytecode.CodeAttribute::copyCode (439 bytes)
Event: 175.045 Thread 0x000001fb614cb000 nmethod 15574 0x000001fb51c5dd10 code [0x000001fb51c5df40, 0x000001fb51c5e7c8]
Event: 175.045 Thread 0x000001fb614cb000 15573       2       java.util.HashMap$TreeNode::getTreeNode (22 bytes)
Event: 175.045 Thread 0x000001fb614cb000 nmethod 15573 0x000001fb51c5ed10 code [0x000001fb51c5eee0, 0x000001fb51c5f088]
Event: 175.045 Thread 0x000001fb614cb000 15546       2       org.hotswap.agent.javassist.compiler.Lex::getNextNonWhiteChar (114 bytes)
Event: 175.045 Thread 0x000001fb614cb000 nmethod 15546 0x000001fb51c5f190 code [0x000001fb51c5f3a0, 0x000001fb51c5f798]
Event: 175.045 Thread 0x000001fb614cb000 15547       2       org.hotswap.agent.javassist.compiler.Lex::getc (51 bytes)
Event: 175.046 Thread 0x000001fb614cb000 nmethod 15547 0x000001fb51c5f990 code [0x000001fb51c5fb60, 0x000001fb51c5fe78]
Event: 175.046 Thread 0x000001fb614cb000 15577       2       org.hotswap.agent.javassist.bytecode.StringInfo::<init> (11 bytes)
Event: 175.046 Thread 0x000001fb614cb000 nmethod 15577 0x000001fb51c60090 code [0x000001fb51c60240, 0x000001fb51c60338]
Event: 175.046 Thread 0x000001fb614cb000 15579       2       java.util.concurrent.locks.AbstractQueuedSynchronizer::compareAndSetTail (10 bytes)
Event: 175.165 Thread 0x000001fb6147f000 nmethod 15564 0x000001fb58100190 code [0x000001fb58100340, 0x000001fb58100758]
Event: 175.165 Thread 0x000001fb6147f000 11953       4       java.lang.String::isLatin1 (19 bytes)
Event: 175.165 Thread 0x000001fb6147f000 nmethod 11953 0x000001fb57b3eb90 code [0x000001fb57b3ed20, 0x000001fb57b3ed98]
Event: 175.165 Thread 0x000001fb6147f000 10995  s    4       java.io.BufferedInputStream::read (49 bytes)
Event: 175.167 Thread 0x000001fb69bfb000 nmethod 15408 0x000001fb58100e10 code [0x000001fb58101140, 0x000001fb58105e68]
Event: 175.168 Thread 0x000001fb69bfb000 11951       4       java.lang.String::charAt (25 bytes)
Event: 175.168 Thread 0x000001fb69bfb000 nmethod 11951 0x000001fb58107710 code [0x000001fb581078c0, 0x000001fb581079b8]
Event: 175.168 Thread 0x000001fb69bfb000 11959       4       java.lang.String::coder (15 bytes)

GC Heap History (20 events):
Event: 16.133 GC heap before
{Heap before GC invocations=14 (full 3):
 def new generation   total 156800K, used 146235K [0x0000000602a00000, 0x000000060d420000, 0x00000006ac6a0000)
  eden space 139392K, 100% used [0x0000000602a00000, 0x000000060b220000, 0x000000060b220000)
  from space 17408K,  39% used [0x000000060c320000, 0x000000060c9cedc8, 0x000000060d420000)
  to   space 17408K,   0% used [0x000000060b220000, 0x000000060b220000, 0x000000060c320000)
 tenured generation   total 348160K, used 45271K [0x00000006ac6a0000, 0x00000006c1aa0000, 0x0000000800000000)
   the space 348160K,  13% used [0x00000006ac6a0000, 0x00000006af2d5eb8, 0x00000006af2d6000, 0x00000006c1aa0000)
 Metaspace       used 91170K, capacity 92909K, committed 93096K, reserved 1130496K
  class space    used 10972K, capacity 11495K, committed 11520K, reserved 1048576K
}
Event: 16.158 GC heap after
{Heap after GC invocations=15 (full 3):
 def new generation   total 156800K, used 17408K [0x0000000602a00000, 0x000000060d420000, 0x00000006ac6a0000)
  eden space 139392K,   0% used [0x0000000602a00000, 0x0000000602a00000, 0x000000060b220000)
  from space 17408K, 100% used [0x000000060b220000, 0x000000060c320000, 0x000000060c320000)
  to   space 17408K,   0% used [0x000000060c320000, 0x000000060c320000, 0x000000060d420000)
 tenured generation   total 348160K, used 50970K [0x00000006ac6a0000, 0x00000006c1aa0000, 0x0000000800000000)
   the space 348160K,  14% used [0x00000006ac6a0000, 0x00000006af866850, 0x00000006af866a00, 0x00000006c1aa0000)
 Metaspace       used 91170K, capacity 92909K, committed 93096K, reserved 1130496K
  class space    used 10972K, capacity 11495K, committed 11520K, reserved 1048576K
}
Event: 16.724 GC heap before
{Heap before GC invocations=15 (full 3):
 def new generation   total 156800K, used 97486K [0x0000000602a00000, 0x000000060d420000, 0x00000006ac6a0000)
  eden space 139392K,  57% used [0x0000000602a00000, 0x0000000607833970, 0x000000060b220000)
  from space 17408K, 100% used [0x000000060b220000, 0x000000060c320000, 0x000000060c320000)
  to   space 17408K,   0% used [0x000000060c320000, 0x000000060c320000, 0x000000060d420000)
 tenured generation   total 348160K, used 50970K [0x00000006ac6a0000, 0x00000006c1aa0000, 0x0000000800000000)
   the space 348160K,  14% used [0x00000006ac6a0000, 0x00000006af866850, 0x00000006af866a00, 0x00000006c1aa0000)
 Metaspace       used 95870K, capacity 98321K, committed 98416K, reserved 1136640K
  class space    used 11495K, capacity 12126K, committed 12160K, reserved 1048576K
}
Event: 16.820 GC heap after
{Heap after GC invocations=16 (full 4):
 def new generation   total 156800K, used 0K [0x0000000602a00000, 0x000000060d420000, 0x00000006ac6a0000)
  eden space 139392K,   0% used [0x0000000602a00000, 0x0000000602a00000, 0x000000060b220000)
  from space 17408K,   0% used [0x000000060b220000, 0x000000060b220000, 0x000000060c320000)
  to   space 17408K,   0% used [0x000000060c320000, 0x000000060c320000, 0x000000060d420000)
 tenured generation   total 348160K, used 52048K [0x00000006ac6a0000, 0x00000006c1aa0000, 0x0000000800000000)
   the space 348160K,  14% used [0x00000006ac6a0000, 0x00000006af974310, 0x00000006af974400, 0x00000006c1aa0000)
 Metaspace       used 95870K, capacity 98321K, committed 98416K, reserved 1136640K
  class space    used 11495K, capacity 12126K, committed 12160K, reserved 1048576K
}
Event: 17.143 GC heap before
{Heap before GC invocations=16 (full 4):
 def new generation   total 156800K, used 139392K [0x0000000602a00000, 0x000000060d420000, 0x00000006ac6a0000)
  eden space 139392K, 100% used [0x0000000602a00000, 0x000000060b220000, 0x000000060b220000)
  from space 17408K,   0% used [0x000000060b220000, 0x000000060b220000, 0x000000060c320000)
  to   space 17408K,   0% used [0x000000060c320000, 0x000000060c320000, 0x000000060d420000)
 tenured generation   total 348160K, used 52048K [0x00000006ac6a0000, 0x00000006c1aa0000, 0x0000000800000000)
   the space 348160K,  14% used [0x00000006ac6a0000, 0x00000006af974310, 0x00000006af974400, 0x00000006c1aa0000)
 Metaspace       used 102141K, capacity 104913K, committed 105128K, reserved 1140736K
  class space    used 12399K, capacity 13194K, committed 13312K, reserved 1048576K
}
Event: 17.145 GC heap after
{Heap after GC invocations=17 (full 4):
 def new generation   total 156800K, used 900K [0x0000000602a00000, 0x000000060d420000, 0x00000006ac6a0000)
  eden space 139392K,   0% used [0x0000000602a00000, 0x0000000602a00000, 0x000000060b220000)
  from space 17408K,   5% used [0x000000060c320000, 0x000000060c401150, 0x000000060d420000)
  to   space 17408K,   0% used [0x000000060b220000, 0x000000060b220000, 0x000000060c320000)
 tenured generation   total 348160K, used 52048K [0x00000006ac6a0000, 0x00000006c1aa0000, 0x0000000800000000)
   the space 348160K,  14% used [0x00000006ac6a0000, 0x00000006af974310, 0x00000006af974400, 0x00000006c1aa0000)
 Metaspace       used 102141K, capacity 104913K, committed 105128K, reserved 1140736K
  class space    used 12399K, capacity 13194K, committed 13312K, reserved 1048576K
}
Event: 17.968 GC heap before
{Heap before GC invocations=17 (full 4):
 def new generation   total 156800K, used 140292K [0x0000000602a00000, 0x000000060d420000, 0x00000006ac6a0000)
  eden space 139392K, 100% used [0x0000000602a00000, 0x000000060b220000, 0x000000060b220000)
  from space 17408K,   5% used [0x000000060c320000, 0x000000060c401150, 0x000000060d420000)
  to   space 17408K,   0% used [0x000000060b220000, 0x000000060b220000, 0x000000060c320000)
 tenured generation   total 348160K, used 52048K [0x00000006ac6a0000, 0x00000006c1aa0000, 0x0000000800000000)
   the space 348160K,  14% used [0x00000006ac6a0000, 0x00000006af974310, 0x00000006af974400, 0x00000006c1aa0000)
 Metaspace       used 108437K, capacity 111395K, committed 111528K, reserved 1146880K
  class space    used 13342K, capacity 14264K, committed 14336K, reserved 1048576K
}
Event: 17.970 GC heap after
{Heap after GC invocations=18 (full 4):
 def new generation   total 156800K, used 1565K [0x0000000602a00000, 0x000000060d420000, 0x00000006ac6a0000)
  eden space 139392K,   0% used [0x0000000602a00000, 0x0000000602a00000, 0x000000060b220000)
  from space 17408K,   8% used [0x000000060b220000, 0x000000060b3a76e0, 0x000000060c320000)
  to   space 17408K,   0% used [0x000000060c320000, 0x000000060c320000, 0x000000060d420000)
 tenured generation   total 348160K, used 52048K [0x00000006ac6a0000, 0x00000006c1aa0000, 0x0000000800000000)
   the space 348160K,  14% used [0x00000006ac6a0000, 0x00000006af974310, 0x00000006af974400, 0x00000006c1aa0000)
 Metaspace       used 108437K, capacity 111395K, committed 111528K, reserved 1146880K
  class space    used 13342K, capacity 14264K, committed 14336K, reserved 1048576K
}
Event: 18.275 GC heap before
{Heap before GC invocations=18 (full 4):
 def new generation   total 156800K, used 140957K [0x0000000602a00000, 0x000000060d420000, 0x00000006ac6a0000)
  eden space 139392K, 100% used [0x0000000602a00000, 0x000000060b220000, 0x000000060b220000)
  from space 17408K,   8% used [0x000000060b220000, 0x000000060b3a76e0, 0x000000060c320000)
  to   space 17408K,   0% used [0x000000060c320000, 0x000000060c320000, 0x000000060d420000)
 tenured generation   total 348160K, used 52048K [0x00000006ac6a0000, 0x00000006c1aa0000, 0x0000000800000000)
   the space 348160K,  14% used [0x00000006ac6a0000, 0x00000006af974310, 0x00000006af974400, 0x00000006c1aa0000)
 Metaspace       used 114931K, capacity 118059K, committed 118184K, reserved 1153024K
  class space    used 14309K, capacity 15356K, committed 15360K, reserved 1048576K
}
Event: 18.278 GC heap after
{Heap after GC invocations=19 (full 4):
 def new generation   total 156800K, used 2946K [0x0000000602a00000, 0x000000060d420000, 0x00000006ac6a0000)
  eden space 139392K,   0% used [0x0000000602a00000, 0x0000000602a00000, 0x000000060b220000)
  from space 17408K,  16% used [0x000000060c320000, 0x000000060c600aa8, 0x000000060d420000)
  to   space 17408K,   0% used [0x000000060b220000, 0x000000060b220000, 0x000000060c320000)
 tenured generation   total 348160K, used 52048K [0x00000006ac6a0000, 0x00000006c1aa0000, 0x0000000800000000)
   the space 348160K,  14% used [0x00000006ac6a0000, 0x00000006af974310, 0x00000006af974400, 0x00000006c1aa0000)
 Metaspace       used 114931K, capacity 118059K, committed 118184K, reserved 1153024K
  class space    used 14309K, capacity 15356K, committed 15360K, reserved 1048576K
}
Event: 18.564 GC heap before
{Heap before GC invocations=19 (full 4):
 def new generation   total 156800K, used 142338K [0x0000000602a00000, 0x000000060d420000, 0x00000006ac6a0000)
  eden space 139392K, 100% used [0x0000000602a00000, 0x000000060b220000, 0x000000060b220000)
  from space 17408K,  16% used [0x000000060c320000, 0x000000060c600aa8, 0x000000060d420000)
  to   space 17408K,   0% used [0x000000060b220000, 0x000000060b220000, 0x000000060c320000)
 tenured generation   total 348160K, used 52048K [0x00000006ac6a0000, 0x00000006c1aa0000, 0x0000000800000000)
   the space 348160K,  14% used [0x00000006ac6a0000, 0x00000006af974310, 0x00000006af974400, 0x00000006c1aa0000)
 Metaspace       used 121345K, capacity 124573K, committed 124712K, reserved 1157120K
  class space    used 15266K, capacity 16422K, committed 16512K, reserved 1048576K
}
Event: 18.567 GC heap after
{Heap after GC invocations=20 (full 4):
 def new generation   total 156800K, used 2484K [0x0000000602a00000, 0x000000060d420000, 0x00000006ac6a0000)
  eden space 139392K,   0% used [0x0000000602a00000, 0x0000000602a00000, 0x000000060b220000)
  from space 17408K,  14% used [0x000000060b220000, 0x000000060b48d290, 0x000000060c320000)
  to   space 17408K,   0% used [0x000000060c320000, 0x000000060c320000, 0x000000060d420000)
 tenured generation   total 348160K, used 52048K [0x00000006ac6a0000, 0x00000006c1aa0000, 0x0000000800000000)
   the space 348160K,  14% used [0x00000006ac6a0000, 0x00000006af974310, 0x00000006af974400, 0x00000006c1aa0000)
 Metaspace       used 121345K, capacity 124573K, committed 124712K, reserved 1157120K
  class space    used 15266K, capacity 16422K, committed 16512K, reserved 1048576K
}
Event: 36.773 GC heap before
{Heap before GC invocations=20 (full 4):
 def new generation   total 156800K, used 141876K [0x0000000602a00000, 0x000000060d420000, 0x00000006ac6a0000)
  eden space 139392K, 100% used [0x0000000602a00000, 0x000000060b220000, 0x000000060b220000)
  from space 17408K,  14% used [0x000000060b220000, 0x000000060b48d290, 0x000000060c320000)
  to   space 17408K,   0% used [0x000000060c320000, 0x000000060c320000, 0x000000060d420000)
 tenured generation   total 348160K, used 52048K [0x00000006ac6a0000, 0x00000006c1aa0000, 0x0000000800000000)
   the space 348160K,  14% used [0x00000006ac6a0000, 0x00000006af974310, 0x00000006af974400, 0x00000006c1aa0000)
 Metaspace       used 126500K, capacity 129987K, committed 130088K, reserved 1163264K
  class space    used 15976K, capacity 17225K, committed 17280K, reserved 1048576K
}
Event: 36.777 GC heap after
{Heap after GC invocations=21 (full 4):
 def new generation   total 156800K, used 5647K [0x0000000602a00000, 0x000000060d420000, 0x00000006ac6a0000)
  eden space 139392K,   0% used [0x0000000602a00000, 0x0000000602a00000, 0x000000060b220000)
  from space 17408K,  32% used [0x000000060c320000, 0x000000060c8a3f58, 0x000000060d420000)
  to   space 17408K,   0% used [0x000000060b220000, 0x000000060b220000, 0x000000060c320000)
 tenured generation   total 348160K, used 52048K [0x00000006ac6a0000, 0x00000006c1aa0000, 0x0000000800000000)
   the space 348160K,  14% used [0x00000006ac6a0000, 0x00000006af974310, 0x00000006af974400, 0x00000006c1aa0000)
 Metaspace       used 126500K, capacity 129987K, committed 130088K, reserved 1163264K
  class space    used 15976K, capacity 17225K, committed 17280K, reserved 1048576K
}
Event: 172.112 GC heap before
{Heap before GC invocations=21 (full 4):
 def new generation   total 156800K, used 145039K [0x0000000602a00000, 0x000000060d420000, 0x00000006ac6a0000)
  eden space 139392K, 100% used [0x0000000602a00000, 0x000000060b220000, 0x000000060b220000)
  from space 17408K,  32% used [0x000000060c320000, 0x000000060c8a3f58, 0x000000060d420000)
  to   space 17408K,   0% used [0x000000060b220000, 0x000000060b220000, 0x000000060c320000)
 tenured generation   total 348160K, used 52048K [0x00000006ac6a0000, 0x00000006c1aa0000, 0x0000000800000000)
   the space 348160K,  14% used [0x00000006ac6a0000, 0x00000006af974310, 0x00000006af974400, 0x00000006c1aa0000)
 Metaspace       used 127232K, capacity 130727K, committed 130856K, reserved 1163264K
  class space    used 15993K, capacity 17271K, committed 17280K, reserved 1048576K
}
Event: 172.121 GC heap after
{Heap after GC invocations=22 (full 4):
 def new generation   total 156800K, used 3139K [0x0000000602a00000, 0x000000060d420000, 0x00000006ac6a0000)
  eden space 139392K,   0% used [0x0000000602a00000, 0x0000000602a00000, 0x000000060b220000)
  from space 17408K,  18% used [0x000000060b220000, 0x000000060b530e90, 0x000000060c320000)
  to   space 17408K,   0% used [0x000000060c320000, 0x000000060c320000, 0x000000060d420000)
 tenured generation   total 348160K, used 52048K [0x00000006ac6a0000, 0x00000006c1aa0000, 0x0000000800000000)
   the space 348160K,  14% used [0x00000006ac6a0000, 0x00000006af974310, 0x00000006af974400, 0x00000006c1aa0000)
 Metaspace       used 127232K, capacity 130727K, committed 130856K, reserved 1163264K
  class space    used 15993K, capacity 17271K, committed 17280K, reserved 1048576K
}
Event: 173.269 GC heap before
{Heap before GC invocations=22 (full 4):
 def new generation   total 156800K, used 142531K [0x0000000602a00000, 0x000000060d420000, 0x00000006ac6a0000)
  eden space 139392K, 100% used [0x0000000602a00000, 0x000000060b220000, 0x000000060b220000)
  from space 17408K,  18% used [0x000000060b220000, 0x000000060b530e90, 0x000000060c320000)
  to   space 17408K,   0% used [0x000000060c320000, 0x000000060c320000, 0x000000060d420000)
 tenured generation   total 348160K, used 52048K [0x00000006ac6a0000, 0x00000006c1aa0000, 0x0000000800000000)
   the space 348160K,  14% used [0x00000006ac6a0000, 0x00000006af974310, 0x00000006af974400, 0x00000006c1aa0000)
 Metaspace       used 128535K, capacity 132081K, committed 132392K, reserved 1165312K
  class space    used 16148K, capacity 17420K, committed 17536K, reserved 1048576K
}
Event: 173.295 GC heap after
{Heap after GC invocations=23 (full 4):
 def new generation   total 156800K, used 4132K [0x0000000602a00000, 0x000000060d420000, 0x00000006ac6a0000)
  eden space 139392K,   0% used [0x0000000602a00000, 0x0000000602a00000, 0x000000060b220000)
  from space 17408K,  23% used [0x000000060c320000, 0x000000060c729008, 0x000000060d420000)
  to   space 17408K,   0% used [0x000000060b220000, 0x000000060b220000, 0x000000060c320000)
 tenured generation   total 348160K, used 52048K [0x00000006ac6a0000, 0x00000006c1aa0000, 0x0000000800000000)
   the space 348160K,  14% used [0x00000006ac6a0000, 0x00000006af974310, 0x00000006af974400, 0x00000006c1aa0000)
 Metaspace       used 128535K, capacity 132081K, committed 132392K, reserved 1165312K
  class space    used 16148K, capacity 17420K, committed 17536K, reserved 1048576K
}
Event: 174.702 GC heap before
{Heap before GC invocations=23 (full 4):
 def new generation   total 156800K, used 143524K [0x0000000602a00000, 0x000000060d420000, 0x00000006ac6a0000)
  eden space 139392K, 100% used [0x0000000602a00000, 0x000000060b220000, 0x000000060b220000)
  from space 17408K,  23% used [0x000000060c320000, 0x000000060c729008, 0x000000060d420000)
  to   space 17408K,   0% used [0x000000060b220000, 0x000000060b220000, 0x000000060c320000)
 tenured generation   total 348160K, used 52048K [0x00000006ac6a0000, 0x00000006c1aa0000, 0x0000000800000000)
   the space 348160K,  14% used [0x00000006ac6a0000, 0x00000006af974310, 0x00000006af974400, 0x00000006c1aa0000)
 Metaspace       used 129291K, capacity 132884K, committed 132904K, reserved 1165312K
  class space    used 16222K, capacity 17519K, committed 17536K, reserved 1048576K
}
Event: 174.718 GC heap after
{Heap after GC invocations=24 (full 4):
 def new generation   total 156800K, used 4093K [0x0000000602a00000, 0x000000060d420000, 0x00000006ac6a0000)
  eden space 139392K,   0% used [0x0000000602a00000, 0x0000000602a00000, 0x000000060b220000)
  from space 17408K,  23% used [0x000000060b220000, 0x000000060b61f7f8, 0x000000060c320000)
  to   space 17408K,   0% used [0x000000060c320000, 0x000000060c320000, 0x000000060d420000)
 tenured generation   total 348160K, used 52048K [0x00000006ac6a0000, 0x00000006c1aa0000, 0x0000000800000000)
   the space 348160K,  14% used [0x00000006ac6a0000, 0x00000006af974310, 0x00000006af974400, 0x00000006c1aa0000)
 Metaspace       used 129291K, capacity 132884K, committed 132904K, reserved 1165312K
  class space    used 16222K, capacity 17519K, committed 17536K, reserved 1048576K
}

Deoptimization events (20 events):
Event: 174.940 Thread 0x000001fb617e3800 DEOPT PACKING pc=0x000001fb51b629f9 sp=0x0000001b14cfd6b0
Event: 174.940 Thread 0x000001fb617e3800 DEOPT UNPACKING pc=0x000001fb4ff06d4e sp=0x0000001b14cfcc28 mode 0
Event: 174.945 Thread 0x000001fb617e3800 DEOPT PACKING pc=0x000001fb51b629f9 sp=0x0000001b14cfd6b0
Event: 174.945 Thread 0x000001fb617e3800 DEOPT UNPACKING pc=0x000001fb4ff06d4e sp=0x0000001b14cfcc28 mode 0
Event: 174.946 Thread 0x000001fb617e3800 DEOPT PACKING pc=0x000001fb51b666bc sp=0x0000001b14cfdb30
Event: 174.946 Thread 0x000001fb617e3800 DEOPT UNPACKING pc=0x000001fb4ff06d4e sp=0x0000001b14cfd008 mode 0
Event: 174.971 Thread 0x000001fb617e3800 DEOPT PACKING pc=0x000001fb51b64ccb sp=0x0000001b14cfd860
Event: 174.971 Thread 0x000001fb617e3800 DEOPT UNPACKING pc=0x000001fb4ff06d4e sp=0x0000001b14cfcd30 mode 0
Event: 175.004 Thread 0x000001fb617e3800 DEOPT PACKING pc=0x000001fb51bb6f04 sp=0x0000001b14cfd460
Event: 175.004 Thread 0x000001fb617e3800 DEOPT UNPACKING pc=0x000001fb4ff06d4e sp=0x0000001b14cfc968 mode 0
Event: 175.015 Thread 0x000001fb617e3800 DEOPT PACKING pc=0x000001fb51b71f6a sp=0x0000001b14cfd400
Event: 175.015 Thread 0x000001fb617e3800 DEOPT UNPACKING pc=0x000001fb4ff06d4e sp=0x0000001b14cfc898 mode 0
Event: 175.034 Thread 0x000001fb617e3800 DEOPT PACKING pc=0x000001fb51b6f41f sp=0x0000001b14cfd0c0
Event: 175.034 Thread 0x000001fb617e3800 DEOPT UNPACKING pc=0x000001fb4ff06d4e sp=0x0000001b14cfc540 mode 0
Event: 175.165 Thread 0x000001fb627e3800 DEOPT PACKING pc=0x000001fb51be50dc sp=0x0000001b121fefa0
Event: 175.165 Thread 0x000001fb627e3800 DEOPT UNPACKING pc=0x000001fb4ff06d4e sp=0x0000001b121fe468 mode 0
Event: 175.165 Thread 0x000001fb617fa000 DEOPT PACKING pc=0x000001fb51a6970c sp=0x0000001b168ff350
Event: 175.165 Thread 0x000001fb617fa000 DEOPT UNPACKING pc=0x000001fb4ff06d4e sp=0x0000001b168fe830 mode 0
Event: 175.166 Thread 0x000001fb69bea800 DEOPT PACKING pc=0x000001fb51a6970c sp=0x0000001b14ffec50
Event: 175.166 Thread 0x000001fb69bea800 DEOPT UNPACKING pc=0x000001fb4ff06d4e sp=0x0000001b14ffe130 mode 0

Classes redefined (20 events):
Event: 174.767 Thread 0x000001fb61459000 redefined class name=com.sta.biometric.acciones.CalcularHorasAction, count=2
Event: 174.767 Thread 0x000001fb61459000 redefined class name=com.sta.biometric.dashboard.auxiliares.DtoLicenciasFeriados, count=2
Event: 174.767 Thread 0x000001fb61459000 redefined class name=com.sta.biometric.modelo.AuditoriaRegistros, count=2
Event: 174.767 Thread 0x000001fb61459000 redefined class name=com.sta.biometric.servicios.InterpreteFichadasService, count=1
Event: 174.767 Thread 0x000001fb61459000 redefined class name=com.sta.biometric.dashboard.DashboardAsistencia, count=1
Event: 174.767 Thread 0x000001fb61459000 redefined class name=com.sta.biometric.dashboard.auxiliares.ResumenEmpleadoHoy, count=1
Event: 175.046 Thread 0x000001fb61459000 redefined class name=com.sta.biometric.auxiliares.Licencia, count=2
Event: 175.046 Thread 0x000001fb61459000 redefined class name=com.sta.biometric.auxiliares.Licencia$HibernateProxy$nKxhsUtY, count=2
Event: 175.046 Thread 0x000001fb61459000 redefined class name=com.sta.biometric.acciones.CompletarObservacionLicenciaAction, count=2
Event: 175.046 Thread 0x000001fb61459000 redefined class name=com.sta.biometric.acciones.LicenciasGenerateReportAction, count=2
Event: 175.046 Thread 0x000001fb61459000 redefined class name=com.sta.biometric.dashboard.DashboardAsistencia, count=2
Event: 175.046 Thread 0x000001fb61459000 redefined class name=com.sta.biometric.acciones.ImportarRegistrosAction, count=3
Event: 175.046 Thread 0x000001fb61459000 redefined class name=com.sta.biometric.acciones.CalcularHorasAction, count=3
Event: 175.046 Thread 0x000001fb61459000 redefined class name=com.sta.biometric.dashboard.auxiliares.DtoLicenciasFeriados, count=3
Event: 175.046 Thread 0x000001fb61459000 redefined class name=com.sta.biometric.modelo.ColeccionRegistros, count=3
Event: 175.046 Thread 0x000001fb61459000 redefined class name=com.sta.biometric.modelo.ColeccionRegistros$HibernateProxy$jVrnyE5K, count=3
Event: 175.046 Thread 0x000001fb61459000 redefined class name=com.sta.biometric.qartzJobs.AperturaJornadaJob, count=3
Event: 175.046 Thread 0x000001fb61459000 redefined class name=com.sta.biometric.qartzJobs.CierreJornadaJob, count=2
Event: 175.046 Thread 0x000001fb61459000 redefined class name=com.sta.biometric.modelo.Personal, count=2
Event: 175.046 Thread 0x000001fb61459000 redefined class name=com.sta.biometric.modelo.Personal$HibernateProxy$0iKLBbA6, count=2

Internal exceptions (20 events):
Event: 156.110 Thread 0x000001fb62250000 Exception <a 'java/net/SocketTimeoutException'{0x00000006091184b0}: Accept timed out> (0x00000006091184b0) thrown at [./src/hotspot/share/prims/jni.cpp, line 637]
Event: 157.110 Thread 0x000001fb62250000 Exception <a 'java/net/SocketTimeoutException'{0x00000006091188d8}: Accept timed out> (0x00000006091188d8) thrown at [./src/hotspot/share/prims/jni.cpp, line 637]
Event: 158.122 Thread 0x000001fb62250000 Exception <a 'java/net/SocketTimeoutException'{0x0000000609127a30}: Accept timed out> (0x0000000609127a30) thrown at [./src/hotspot/share/prims/jni.cpp, line 637]
Event: 159.124 Thread 0x000001fb62250000 Exception <a 'java/net/SocketTimeoutException'{0x0000000609127e58}: Accept timed out> (0x0000000609127e58) thrown at [./src/hotspot/share/prims/jni.cpp, line 637]
Event: 160.139 Thread 0x000001fb62250000 Exception <a 'java/net/SocketTimeoutException'{0x0000000609128280}: Accept timed out> (0x0000000609128280) thrown at [./src/hotspot/share/prims/jni.cpp, line 637]
Event: 161.141 Thread 0x000001fb62250000 Exception <a 'java/net/SocketTimeoutException'{0x00000006091286a8}: Accept timed out> (0x00000006091286a8) thrown at [./src/hotspot/share/prims/jni.cpp, line 637]
Event: 162.155 Thread 0x000001fb62250000 Exception <a 'java/net/SocketTimeoutException'{0x0000000609128ad0}: Accept timed out> (0x0000000609128ad0) thrown at [./src/hotspot/share/prims/jni.cpp, line 637]
Event: 163.155 Thread 0x000001fb62250000 Exception <a 'java/net/SocketTimeoutException'{0x0000000609128ef8}: Accept timed out> (0x0000000609128ef8) thrown at [./src/hotspot/share/prims/jni.cpp, line 637]
Event: 164.172 Thread 0x000001fb62250000 Exception <a 'java/net/SocketTimeoutException'{0x0000000609129320}: Accept timed out> (0x0000000609129320) thrown at [./src/hotspot/share/prims/jni.cpp, line 637]
Event: 165.174 Thread 0x000001fb62250000 Exception <a 'java/net/SocketTimeoutException'{0x0000000609129748}: Accept timed out> (0x0000000609129748) thrown at [./src/hotspot/share/prims/jni.cpp, line 637]
Event: 166.188 Thread 0x000001fb62250000 Exception <a 'java/net/SocketTimeoutException'{0x0000000609134400}: Accept timed out> (0x0000000609134400) thrown at [./src/hotspot/share/prims/jni.cpp, line 637]
Event: 167.205 Thread 0x000001fb62250000 Exception <a 'java/net/SocketTimeoutException'{0x0000000609134828}: Accept timed out> (0x0000000609134828) thrown at [./src/hotspot/share/prims/jni.cpp, line 637]
Event: 168.205 Thread 0x000001fb62250000 Exception <a 'java/net/SocketTimeoutException'{0x0000000609134c50}: Accept timed out> (0x0000000609134c50) thrown at [./src/hotspot/share/prims/jni.cpp, line 637]
Event: 169.219 Thread 0x000001fb62250000 Exception <a 'java/net/SocketTimeoutException'{0x0000000609135078}: Accept timed out> (0x0000000609135078) thrown at [./src/hotspot/share/prims/jni.cpp, line 637]
Event: 170.233 Thread 0x000001fb62250000 Exception <a 'java/net/SocketTimeoutException'{0x00000006091354a0}: Accept timed out> (0x00000006091354a0) thrown at [./src/hotspot/share/prims/jni.cpp, line 637]
Event: 171.247 Thread 0x000001fb62250000 Exception <a 'java/net/SocketTimeoutException'{0x00000006091358c8}: Accept timed out> (0x00000006091358c8) thrown at [./src/hotspot/share/prims/jni.cpp, line 637]
Event: 172.252 Thread 0x000001fb62250000 Exception <a 'java/net/SocketTimeoutException'{0x0000000604727f20}: Accept timed out> (0x0000000604727f20) thrown at [./src/hotspot/share/prims/jni.cpp, line 637]
Event: 172.335 Thread 0x000001fb6701f000 Implicit null exception at 0x000001fb57a3c39c to 0x000001fb57a3e7dc
Event: 173.253 Thread 0x000001fb62250000 Exception <a 'java/net/SocketTimeoutException'{0x0000000604728348}: Accept timed out> (0x0000000604728348) thrown at [./src/hotspot/share/prims/jni.cpp, line 637]
Event: 174.255 Thread 0x000001fb62250000 Exception <a 'java/net/SocketTimeoutException'{0x00000006075d7080}: Accept timed out> (0x00000006075d7080) thrown at [./src/hotspot/share/prims/jni.cpp, line 637]

Events (20 events):
Event: 174.747 Thread 0x000001fb69c05000 Thread exited: 0x000001fb69c05000
Event: 174.767 Executing VM operation: RedefineClasses
Event: 174.872 Executing VM operation: RedefineClasses done
Event: 174.873 Thread 0x000001fb69bfc000 Thread exited: 0x000001fb69bfc000
Event: 174.874 Thread 0x000001fb69c06800 Thread exited: 0x000001fb69c06800
Event: 174.874 Thread 0x000001fb617ef800 Thread exited: 0x000001fb617ef800
Event: 174.875 Thread 0x000001fb617e5800 Thread exited: 0x000001fb617e5800
Event: 174.877 Thread 0x000001fb67025800 Thread exited: 0x000001fb67025800
Event: 174.877 Thread 0x000001fb67020000 Thread exited: 0x000001fb67020000
Event: 174.878 Thread 0x000001fb660ae800 Thread exited: 0x000001fb660ae800
Event: 174.878 Thread 0x000001fb69bef800 Thread exited: 0x000001fb69bef800
Event: 174.937 Loaded shared library C:\Users\Soporte\Desktop\openxava-studio-7-r4\studio\jre\bin\java.dll
Event: 174.969 Executing VM operation: ICBufferFull
Event: 174.969 Executing VM operation: ICBufferFull done
Event: 174.983 Thread 0x000001fb617dd000 Thread added: 0x000001fb617dd000
Event: 175.046 Executing VM operation: RedefineClasses
Event: 175.164 Executing VM operation: RedefineClasses done
Event: 175.165 Thread 0x000001fb617e3800 Thread exited: 0x000001fb617e3800
Event: 175.166 Thread 0x000001fb617fa000 Thread exited: 0x000001fb617fa000
Event: 175.166 Thread 0x000001fb69bea800 Thread exited: 0x000001fb69bea800


Dynamic libraries:
0x00007ff7b5420000 - 0x00007ff7b542d000 	C:\Users\Soporte\Desktop\openxava-studio-7-r4\studio\jre\bin\javaw.exe
0x00007ff97f560000 - 0x00007ff97f7c8000 	C:\WINDOWS\SYSTEM32\ntdll.dll
0x00007ff97ebb0000 - 0x00007ff97ec79000 	C:\WINDOWS\System32\KERNEL32.DLL
0x00007ff97ccf0000 - 0x00007ff97d0e8000 	C:\WINDOWS\System32\KERNELBASE.dll
0x00007ff97d0f0000 - 0x00007ff97d23b000 	C:\WINDOWS\System32\ucrtbase.dll
0x00007ff95d220000 - 0x00007ff95d237000 	C:\Users\Soporte\Desktop\openxava-studio-7-r4\studio\jre\bin\jli.dll
0x00007ff960f30000 - 0x00007ff960f45000 	C:\Users\Soporte\Desktop\openxava-studio-7-r4\studio\jre\bin\VCRUNTIME140.dll
0x00007ff97d4a0000 - 0x00007ff97d667000 	C:\WINDOWS\System32\USER32.dll
0x00007ff96bde0000 - 0x00007ff96c074000 	C:\WINDOWS\WinSxS\amd64_microsoft.windows.common-controls_6595b64144ccf1df_6.0.26100.7019_none_3e06ffa0e335b8a8\COMCTL32.dll
0x00007ff97d240000 - 0x00007ff97d267000 	C:\WINDOWS\System32\win32u.dll
0x00007ff97ece0000 - 0x00007ff97ed89000 	C:\WINDOWS\System32\msvcrt.dll
0x00007ff97eda0000 - 0x00007ff97edcb000 	C:\WINDOWS\System32\GDI32.dll
0x00007ff97c820000 - 0x00007ff97c94c000 	C:\WINDOWS\System32\gdi32full.dll
0x00007ff97c950000 - 0x00007ff97c9f3000 	C:\WINDOWS\System32\msvcp_win.dll
0x00007ff97f4d0000 - 0x00007ff97f501000 	C:\WINDOWS\System32\IMM32.DLL
0x00007ff9355b0000 - 0x00007ff93564b000 	C:\Users\Soporte\Desktop\openxava-studio-7-r4\studio\jre\bin\msvcp140.dll
0x00007ff930a30000 - 0x00007ff9314fa000 	C:\Users\Soporte\Desktop\openxava-studio-7-r4\studio\jre\bin\server\jvm.dll
0x00007ff97e450000 - 0x00007ff97e504000 	C:\WINDOWS\System32\ADVAPI32.dll
0x00007ff97ead0000 - 0x00007ff97eb76000 	C:\WINDOWS\System32\sechost.dll
0x00007ff97edd0000 - 0x00007ff97eee8000 	C:\WINDOWS\System32\RPCRT4.dll
0x00007ff97f4c0000 - 0x00007ff97f4c8000 	C:\WINDOWS\System32\PSAPI.DLL
0x00007ff961880000 - 0x00007ff96188a000 	C:\WINDOWS\SYSTEM32\WSOCK32.dll
0x00007ff976330000 - 0x00007ff97633b000 	C:\WINDOWS\SYSTEM32\VERSION.dll
0x00007ff95a7b0000 - 0x00007ff95a7e5000 	C:\WINDOWS\SYSTEM32\WINMM.dll
0x00007ff97f440000 - 0x00007ff97f4b4000 	C:\WINDOWS\System32\WS2_32.dll
0x00007ff97b470000 - 0x00007ff97b48b000 	C:\WINDOWS\SYSTEM32\kernel.appcore.dll
0x00007ff961020000 - 0x00007ff961030000 	C:\Users\Soporte\Desktop\openxava-studio-7-r4\studio\jre\bin\verify.dll
0x00007ff96c910000 - 0x00007ff96cb52000 	C:\WINDOWS\SYSTEM32\DBGHELP.DLL
0x00007ff97ef40000 - 0x00007ff97f2cb000 	C:\WINDOWS\System32\combase.dll
0x00007ff97e9f0000 - 0x00007ff97eac7000 	C:\WINDOWS\System32\OLEAUT32.dll
0x00007ff96eb50000 - 0x00007ff96eb8c000 	C:\WINDOWS\SYSTEM32\dbgcore.DLL
0x00007ff97c770000 - 0x00007ff97c815000 	C:\WINDOWS\System32\bcryptPrimitives.dll
0x00007ff9566c0000 - 0x00007ff9566e8000 	C:\Users\Soporte\Desktop\openxava-studio-7-r4\studio\jre\bin\java.dll
0x00007ff95f090000 - 0x00007ff95f09a000 	C:\Users\Soporte\Desktop\openxava-studio-7-r4\studio\jre\bin\jimage.dll
0x00007ff95f080000 - 0x00007ff95f08e000 	C:\Users\Soporte\Desktop\openxava-studio-7-r4\studio\jre\bin\instrument.dll
0x00007ff956a50000 - 0x00007ff956a67000 	C:\Users\Soporte\Desktop\openxava-studio-7-r4\studio\jre\bin\zip.dll
0x00007ff97dbc0000 - 0x00007ff97e30f000 	C:\WINDOWS\System32\SHELL32.dll
0x00007ff97ca00000 - 0x00007ff97cb6b000 	C:\WINDOWS\System32\wintypes.dll
0x00007ff97a310000 - 0x00007ff97ab6d000 	C:\WINDOWS\SYSTEM32\windows.storage.dll
0x00007ff97e7f0000 - 0x00007ff97e8e2000 	C:\WINDOWS\System32\SHCORE.dll
0x00007ff97e340000 - 0x00007ff97e3a7000 	C:\WINDOWS\System32\shlwapi.dll
0x00007ff97c5d0000 - 0x00007ff97c5f9000 	C:\WINDOWS\SYSTEM32\profapi.dll
0x00007ff956630000 - 0x00007ff956649000 	C:\Users\Soporte\Desktop\openxava-studio-7-r4\studio\jre\bin\net.dll
0x00007ff9767d0000 - 0x00007ff9768f8000 	C:\WINDOWS\SYSTEM32\WINHTTP.dll
0x00007ff97b9e0000 - 0x00007ff97ba4b000 	C:\WINDOWS\system32\mswsock.dll
0x00007ff955a40000 - 0x00007ff955a52000 	C:\Users\Soporte\Desktop\openxava-studio-7-r4\studio\jre\bin\nio.dll
0x00007ff97b590000 - 0x00007ff97b5c6000 	C:\WINDOWS\SYSTEM32\ntmarta.dll
0x00007ff95a710000 - 0x00007ff95a719000 	C:\Users\Soporte\Desktop\openxava-studio-7-r4\studio\jre\bin\management.dll
0x00007ff95a310000 - 0x00007ff95a31b000 	C:\Users\Soporte\Desktop\openxava-studio-7-r4\studio\jre\bin\management_ext.dll
0x00007ff976de0000 - 0x00007ff976df8000 	C:\WINDOWS\system32\napinsp.dll
0x00007ff97af10000 - 0x00007ff97b03c000 	C:\WINDOWS\SYSTEM32\DNSAPI.dll
0x00007ff97ae80000 - 0x00007ff97aeb4000 	C:\WINDOWS\SYSTEM32\IPHLPAPI.DLL
0x00007ff97e3b0000 - 0x00007ff97e3ba000 	C:\WINDOWS\System32\NSI.dll
0x00007ff96a4d0000 - 0x00007ff96a4e2000 	C:\WINDOWS\System32\winrnr.dll
0x00007ff96a3f0000 - 0x00007ff96a412000 	C:\WINDOWS\system32\nlansp_c.dll
0x00007ff95c680000 - 0x00007ff95c696000 	C:\WINDOWS\system32\wshbth.dll
0x00007ff975930000 - 0x00007ff97593b000 	C:\Windows\System32\rasadhlp.dll
0x00007ff9761f0000 - 0x00007ff976276000 	C:\WINDOWS\System32\fwpuclnt.dll
0x00007ff95d1f0000 - 0x00007ff95d1fe000 	C:\Users\Soporte\Desktop\openxava-studio-7-r4\studio\jre\bin\sunmscapi.dll
0x00007ff97cb70000 - 0x00007ff97cce7000 	C:\WINDOWS\System32\CRYPT32.dll
0x00007ff97bec0000 - 0x00007ff97bef0000 	C:\WINDOWS\SYSTEM32\ncrypt.dll
0x00007ff97be70000 - 0x00007ff97beaf000 	C:\WINDOWS\SYSTEM32\NTASN1.dll
0x00007ff94f7e0000 - 0x00007ff94f805000 	C:\Users\Soporte\Desktop\openxava-studio-7-r4\studio\jre\bin\sunec.dll
0x00007ff97bca0000 - 0x00007ff97bcbb000 	C:\WINDOWS\SYSTEM32\CRYPTSP.dll
0x00007ff97b3d0000 - 0x00007ff97b40a000 	C:\WINDOWS\system32\rsaenh.dll
0x00007ff97ba90000 - 0x00007ff97babb000 	C:\WINDOWS\SYSTEM32\USERENV.dll
0x00007ff97c5a0000 - 0x00007ff97c5ca000 	C:\WINDOWS\SYSTEM32\bcrypt.dll
0x00007ff97bcc0000 - 0x00007ff97bccc000 	C:\WINDOWS\SYSTEM32\CRYPTBASE.dll
0x00007ff976670000 - 0x00007ff97668e000 	C:\WINDOWS\SYSTEM32\dhcpcsvc6.DLL
0x00007ff976640000 - 0x00007ff976663000 	C:\WINDOWS\SYSTEM32\dhcpcsvc.DLL
0x00007ff932d40000 - 0x00007ff932ed9000 	C:\Users\Soporte\Desktop\openxava-studio-7-r4\studio\jre\bin\awt.dll
0x00007ff979790000 - 0x00007ff97982f000 	C:\WINDOWS\SYSTEM32\apphelp.dll

dbghelp: loaded successfully - version: 4.0.5 - missing functions: none
symbol engine: initialized successfully - sym options: 0x614 - pdb path: .;C:\Users\Soporte\Desktop\openxava-studio-7-r4\studio\jre\bin;C:\WINDOWS\SYSTEM32;C:\WINDOWS\WinSxS\amd64_microsoft.windows.common-controls_6595b64144ccf1df_6.0.26100.7019_none_3e06ffa0e335b8a8;C:\Users\Soporte\Desktop\openxava-studio-7-r4\studio\jre\bin\server

VM Arguments:
jvm_args: -Dfile.encoding=UTF-8 
java_command: com.sta.biometric.run.biometric
java_class_path (initial): C:\Users\Soporte\Desktop\biometric-master\target\classes;C:\Users\Soporte\.m2\repository\org\openxava\openxava\7.6.2\openxava-7.6.2.jar;C:\Users\Soporte\.m2\repository\junit\junit\4.13.2\junit-4.13.2.jar;C:\Users\Soporte\.m2\repository\org\hamcrest\hamcrest-core\1.3\hamcrest-core-1.3.jar;C:\Users\Soporte\.m2\repository\javax\inject\javax.inject\1\javax.inject-1.jar;C:\Users\Soporte\.m2\repository\javax\ejb\ejb-api\3.0\ejb-api-3.0.jar;C:\Users\Soporte\.m2\repository\javax\persistence\javax.persistence-api\2.2\javax.persistence-api-2.2.jar;C:\Users\Soporte\.m2\repository\javax\validation\validation-api\2.0.1.Final\validation-api-2.0.1.Final.jar;C:\Users\Soporte\.m2\repository\org\apache\commons\commons-lang3\3.18.0\commons-lang3-3.18.0.jar;C:\Users\Soporte\.m2\repository\commons-io\commons-io\2.18.0\commons-io-2.18.0.jar;C:\Users\Soporte\.m2\repository\commons-logging\commons-logging\1.3.5\commons-logging-1.3.5.jar;C:\Users\Soporte\.m2\repository\commons-collections\commons-collections\3.2.2\commons-collections-3.2.2.jar;C:\Users\Soporte\.m2\repository\commons-validator\commons-validator\1.10.0\commons-validator-1.10.0.jar;C:\Users\Soporte\.m2\repository\commons-beanutils\commons-beanutils\1.11.0\commons-beanutils-1.11.0.jar;C:\Users\Soporte\.m2\repository\commons-digester\commons-digester\2.1\commons-digester-2.1.jar;C:\Users\Soporte\.m2\repository\commons-fileupload\commons-fileupload\1.6.0\commons-fileupload-1.6.0.jar;C:\Users\Soporte\.m2\repository\org\hibernate\hibernate-core\5.6.15.Final\hibernate-core-5.6.15.Final.jar;C:\Users\Soporte\.m2\repository\org\jboss\logging\jboss-logging\3.4.3.Final\jboss-logging-3.4.3.Final.jar;C:\Users\Soporte\.m2\repository\net\bytebuddy\byte-buddy\1.12.18\byte-buddy-1.12.18.jar;C:\Users\Soporte\.m2\repository\antlr\antlr\2.7.7\antlr-2.7.7.jar;C:\Users\Soporte\.m2\repository\org\jboss\spec\javax\transaction\jboss-transaction-api_1.2_spec\1.1.1.Final\jboss-transaction-api_1.2_spec-1.1.1.Final.jar;C:\User
Launcher Type: SUN_STANDARD

[Global flags]
     intx CICompilerCount                          = 4                                         {product} {ergonomic}
   size_t InitialHeapSize                          = 534773760                                 {product} {ergonomic}
   size_t MaxHeapSize                              = 8545894400                                {product} {ergonomic}
   size_t MaxNewSize                               = 2848587776                                {product} {ergonomic}
   size_t MinHeapDeltaBytes                        = 196608                                    {product} {ergonomic}
   size_t NewSize                                  = 178257920                                 {product} {ergonomic}
    uintx NonNMethodCodeHeapSize                   = 5836300                                {pd product} {ergonomic}
    uintx NonProfiledCodeHeapSize                  = 122910970                              {pd product} {ergonomic}
   size_t OldSize                                  = 356515840                                 {product} {ergonomic}
    uintx ProfiledCodeHeapSize                     = 122910970                              {pd product} {ergonomic}
    uintx ReservedCodeCacheSize                    = 251658240                              {pd product} {ergonomic}
     bool SegmentedCodeCache                       = true                                      {product} {ergonomic}
     bool UseCompressedClassPointers               = true                                 {lp64_product} {ergonomic}
     bool UseCompressedOops                        = true                                 {lp64_product} {ergonomic}
     bool UseLargePagesIndividualAllocation        = false                                  {pd product} {ergonomic}
     bool UseSerialGC                              = true                                      {product} {ergonomic}

Logging:
Log output configuration:
 #0: stdout all=warning uptime,level,tags
 #1: stderr all=off uptime,level,tags

Environment Variables:
JAVA_HOME=C:\Program Files\Eclipse Adoptium\jdk-25.0.0.36-hotspot\
PATH=C:/Users/Soporte/Desktop/openxava-studio-7-r4//studio/jre/bin/server;C:/Users/Soporte/Desktop/openxava-studio-7-r4//studio/jre/bin;C:\Program Files\Eclipse Adoptium\jdk-25.0.0.36-hotspot\bin;C:\Program Files (x86)\Common Files\Intel\Shared Files\cpp\bin\Intel64;C:\Program Files\Eclipse Adoptium\jdk-17.0.15.6-hotspot\bin;C:\Program Files\Apache\Maven\apache-maven-3.9.10\bin;C:\WINDOWS\system32;C:\WINDOWS;C:\WINDOWS\System32\Wbem;C:\WINDOWS\System32\WindowsPowerShell\v1.0\;C:\WINDOWS\System32\OpenSSH\;C:\Program Files\Git\cmd;C:\Users\Soporte\AppData\Local\Microsoft\WindowsApps;C:\Users\Soporte\AppData\Local\Programs\Windsurf\bin;C:\Users\Soporte\AppData\Local\Programs\Antigravity\bin;C:\Users\Soporte\Desktop\openxava-studio-7-r4;
USERNAME=Soporte
OS=Windows_NT
PROCESSOR_IDENTIFIER=Intel64 Family 6 Model 165 Stepping 3, GenuineIntel



---------------  S Y S T E M  ---------------

OS: Windows 10 , 64 bit Build 26100 (10.0.26100.7019)
OS uptime: 1 days 21:59 hours

CPU:total 12 (initial active 12) (6 cores per cpu, 2 threads per core) family 6 model 165 stepping 3, cmov, cx8, fxsr, mmx, sse, sse2, sse3, ssse3, sse4.1, sse4.2, popcnt, avx, avx2, aes, clmul, erms, 3dnowpref, lzcnt, ht, tsc, tscinvbit, bmi1, bmi2, adx, fma

Memory: 4k page, system-wide physical 32597M (15631M free)
TotalPageFile size 37461M (AvailPageFile size 14889M)
current process WorkingSet (physical memory assigned to process): 504M, peak: 504M
current process commit charge ("private bytes"): 783M, peak: 783M

vm_info: Dynamic Code Evolution 64-Bit Server VM (11.0.8+1-202007270708) for windows-amd64 JRE (11.0.8+1-202007270708), built on Jul 27 2020 07:33:35 by "travis" with MS VC++ 15.9 (VS2017)

END.
