#
# A fatal error has been detected by the Java Runtime Environment:
#
#  EXCEPTION_ACCESS_VIOLATION (0xc0000005) at pc=0x00007fff5ea72be5, pid=16536, tid=18292
#
# JRE version: OpenJDK Runtime Environment AdoptOpenJDK (11.0.8+1) (build 11.0.8+1-202007270708)
# Java VM: Dynamic Code Evolution 64-Bit Server VM AdoptOpenJDK (11.0.8+1-202007270708, mixed mode, tiered, compressed oops, serial gc, windows-amd64)
# Problematic frame:
# V  [jvm.dll+0x462be5]
#
# No core dump will be written. Minidumps are not enabled by default on client versions of Windows
#
# If you would like to submit a bug report, please visit:
#   https://github.com/AdoptOpenJDK/openjdk-build/issues
#

---------------  S U M M A R Y ------------

Command Line: -Dfile.encoding=UTF-8 com.sta.biometric.run.biometric

Host: Intel(R) Core(TM) i5-10400 CPU @ 2.90GHz, 12 cores, 31G,  Windows 10 , 64 bit Build 26100 (10.0.26100.7019)
Time: Thu Dec  4 17:38:26 2025 Hora estándar de Argentina elapsed time: 1056 seconds (0d 0h 17m 36s)

---------------  T H R E A D  ---------------

Current thread (0x0000016719114800):  JavaThread "Thread-7692" daemon [_thread_in_vm, id=18292, stack(0x0000001920100000,0x0000001920200000)]

Stack: [0x0000001920100000,0x0000001920200000],  sp=0x00000019201fe9e0,  free space=1018k
Native frames: (J=compiled Java code, j=interpreted, Vv=VM code, C=native code)
V  [jvm.dll+0x462be5]
V  [jvm.dll+0x1ccd0b]
V  [jvm.dll+0x464daa]
V  [jvm.dll+0x4646b4]
V  [jvm.dll+0x728397]
V  [jvm.dll+0x4a50a1]
V  [jvm.dll+0x469ce2]
C  [instrument.dll+0x408c]

Java frames: (J=compiled Java code, j=interpreted, Vv=VM code)
j  sun.instrument.InstrumentationImpl.redefineClasses0(J[Ljava/lang/instrument/ClassDefinition;)V+0 java.instrument@11.0.8
j  sun.instrument.InstrumentationImpl.redefineClasses([Ljava/lang/instrument/ClassDefinition;)V+73 java.instrument@11.0.8
j  org.hotswap.agent.config.PluginManager.hotswap(Ljava/util/Map;)V+168
j  org.hotswap.agent.plugin.hotswapper.HotswapperPlugin$1.executeCommand()V+14
j  org.hotswap.agent.command.impl.CommandExecutor.run()V+23
v  ~StubRoutines::call_stub

siginfo: EXCEPTION_ACCESS_VIOLATION (0xc0000005), reading address 0x0000000000000000


Register to memory mapping:

RIP=0x00007fff5ea72be5 jvm.dll
RAX=0x0 is NULL
RBX=0x0000000801661840 is a pointer to class: 
java.util.regex.Pattern$$Lambda$1779/0x0000000801661840 {0x0000000801661848}
RCX=0x00000019201fea90 is pointing into the stack for thread: 0x0000016719114800
RDX=0x0 is NULL
RSP=0x00000019201fe9e0 is pointing into the stack for thread: 0x0000016719114800
RBP=0x00000019201feb40 is pointing into the stack for thread: 0x0000016719114800
RSI=0x000001671b7c7a50 points into unknown readable memory: c8 2b a4 1a 67 01 00 00
RDI=0x00000019201fea90 is pointing into the stack for thread: 0x0000016719114800
R8 =0x0 is NULL
R9 =0x0 is NULL
R10=0x0 is NULL
R11=0x00000019201fe910 is pointing into the stack for thread: 0x0000016719114800
R12=0x0 is NULL
R13=0x00000019201fee20 is pointing into the stack for thread: 0x0000016719114800
R14=0x0000016719114800 is a thread
R15=0x0000016719114800 is a thread


Registers:
RAX=0x0000000000000000, RBX=0x0000000801661840, RCX=0x00000019201fea90, RDX=0x0000000000000000
RSP=0x00000019201fe9e0, RBP=0x00000019201feb40, RSI=0x000001671b7c7a50, RDI=0x00000019201fea90
R8 =0x0000000000000000, R9 =0x0000000000000000, R10=0x0000000000000000, R11=0x00000019201fe910
R12=0x0000000000000000, R13=0x00000019201fee20, R14=0x0000016719114800, R15=0x0000016719114800
RIP=0x00007fff5ea72be5, EFLAGS=0x0000000000010246

Top of Stack: (sp=0x00000019201fe9e0)
0x00000019201fe9e0:   0000000000000000 0000000000000000
0x00000019201fe9f0:   0000000000000000 0000000000000000
0x00000019201fea00:   00000019201fea90 00007fff5e7dcd0b
0x00000019201fea10:   0000000801661840 0000000801661840
0x00000019201fea20:   0000000000000000 00007fff5eaf9472
0x00000019201fea30:   0000000000000018 00007fff5ea74daa
0x00000019201fea40:   0000000000000018 00000019201feb40
0x00000019201fea50:   0000000603fad4f0 0000000000000001
0x00000019201fea60:   0000001900000001 00007fff5ec7831d
0x00000019201fea70:   00000019201feb88 0000016718591bf0
0x00000019201fea80:   000001671e81f980 000001671e81f990
0x00000019201fea90:   00007fff5ee5e460 000001671e85fd60
0x00000019201feaa0:   0000016718591bf0 0000000000000300
0x00000019201feab0:   000001671e81f980 00000000000003d8
0x00000019201feac0:   000001671e81f990 000001671e81fd68
0x00000019201fead0:   000000010000000e 000001671e81f990 

Instructions: (pc=0x00007fff5ea72be5)
0x00007fff5ea72ae5:   48 03 15 24 10 55 00 eb 04 48 8b 53 08 0f b6 82
0x00007fff5ea72af5:   5a 01 00 00 24 03 3c 03 75 3e 48 8b cb e8 e9 96
0x00007fff5ea72b05:   f0 ff 48 85 c0 74 31 83 78 08 00 7e 2b 48 8b 88
0x00007fff5ea72b15:   d0 00 00 00 48 85 c9 74 1f e8 8d b1 06 00 48 8b
0x00007fff5ea72b25:   cd 48 8b d8 e8 82 2a d1 ff 48 63 d0 4c 8b c3 49
0x00007fff5ea72b35:   8b ce ff 15 6b 4d 53 00 48 8d 4c 24 28 e8 19 03
0x00007fff5ea72b45:   ed ff 48 8b 5c 24 60 48 8b 6c 24 68 48 8b 74 24
0x00007fff5ea72b55:   70 48 83 c4 40 41 5f 41 5e 5f c3 48 89 5c 24 08
0x00007fff5ea72b65:   48 89 54 24 10 57 48 83 ec 20 48 83 ba d0 00 00
0x00007fff5ea72b75:   00 00 48 8b da 48 8b f9 0f 85 e5 00 00 00 8b 82
0x00007fff5ea72b85:   d8 00 00 00 c1 e8 05 a8 01 74 09 48 8b 49 08 e9
0x00007fff5ea72b95:   c5 00 00 00 8b 42 10 83 f8 20 75 07 b8 08 00 00
0x00007fff5ea72ba5:   00 eb 06 83 c0 d0 c1 e8 03 33 d2 44 8b c8 85 c0
0x00007fff5ea72bb5:   74 2a 8b ca 4c 8d 43 30 0f 1f 00 49 8b 00 48 85
0x00007fff5ea72bc5:   c0 74 19 8b 80 d8 00 00 00 c1 e8 05 a8 01 75 53
0x00007fff5ea72bd5:   48 ff c1 49 83 c0 08 49 3b c9 7c df 4c 8b 43 28
0x00007fff5ea72be5:   49 63 00 85 c0 7e 7c 4c 8b c8 49 83 c0 08 0f 1f
0x00007fff5ea72bf5:   40 00 66 0f 1f 84 00 00 00 00 00 49 8b 00 8b 88
0x00007fff5ea72c05:   d8 00 00 00 c1 e9 05 f6 c1 01 75 20 48 ff c2 49
0x00007fff5ea72c15:   83 c0 08 49 3b d1 7c e3 48 8b 5c 24 30 48 83 c4
0x00007fff5ea72c25:   20 5f c3 48 39 15 91 81 59 00 eb 08 48 83 3d 87
0x00007fff5ea72c35:   81 59 00 00 74 18 48 8b 4b 18 e8 fc d4 24 00 48
0x00007fff5ea72c45:   8b d0 48 8d 0d 1a b8 3e 00 e8 0d f3 dd ff 83 8b
0x00007fff5ea72c55:   d8 00 00 00 20 48 8b 4f 08 48 8d 54 24 38 e8 d8
0x00007fff5ea72c65:   24 c6 ff 48 8b 5c 24 30 48 83 c4 20 5f c3 cc cc
0x00007fff5ea72c75:   cc cc cc cc cc cc cc cc cc cc cc 40 57 48 81 ec
0x00007fff5ea72c85:   80 00 00 00 83 7a 08 00 48 8b fa 0f 8e 40 02 00
0x00007fff5ea72c95:   00 48 8b 51 08 48 8d 4c 24 30 48 89 9c 24 90 00
0x00007fff5ea72ca5:   00 00 e8 64 02 ed ff 48 8b 97 08 01 00 00 33 db
0x00007fff5ea72cb5:   48 89 54 24 20 48 89 5c 24 28 48 85 d2 74 3e 8b
0x00007fff5ea72cc5:   0d 72 5a 5d 00 65 48 8b 04 25 58 00 00 00 41 b8
0x00007fff5ea72cd5:   08 00 00 00 48 89 94 24 a8 00 00 00 48 8d 94 24 


Stack slot to memory mapping:
stack at sp + 0 slots: 0x0 is NULL
stack at sp + 1 slots: 0x0 is NULL
stack at sp + 2 slots: 0x0 is NULL
stack at sp + 3 slots: 0x0 is NULL
stack at sp + 4 slots: 0x00000019201fea90 is pointing into the stack for thread: 0x0000016719114800
stack at sp + 5 slots: 0x00007fff5e7dcd0b jvm.dll
stack at sp + 6 slots: 0x0000000801661840 is a pointer to class: 
java.util.regex.Pattern$$Lambda$1779/0x0000000801661840 {0x0000000801661848}
stack at sp + 7 slots: 0x0000000801661840 is a pointer to class: 
java.util.regex.Pattern$$Lambda$1779/0x0000000801661840 {0x0000000801661848}


---------------  P R O C E S S  ---------------

Threads class SMR info:
_java_thread_list=0x000001671889c600, length=55, elements={
0x000001677d3dd800, 0x000001677ce9d800, 0x000001677cea1800, 0x000001677ce9a800,
0x000001677cead000, 0x000001677ceaf800, 0x000001677ceb4000, 0x000001677cefb800,
0x000001677f817800, 0x0000016717a49000, 0x00000167175a6800, 0x00000167175ec000,
0x0000016717b8a800, 0x00000167175bf800, 0x000001671837a800, 0x00000167179dd000,
0x00000167179de000, 0x0000016717e95000, 0x0000016718543000, 0x000001671831d000,
0x0000016718544000, 0x0000016718544800, 0x0000016718547000, 0x0000016718548000,
0x0000016718545800, 0x0000016718548800, 0x0000016718546000, 0x0000016718549800,
0x000001671854a800, 0x0000016719be0000, 0x0000016719be1800, 0x0000016719be0800,
0x0000016719bdf000, 0x0000016719be4000, 0x0000016719be4800, 0x0000016719be2800,
0x0000016719be5800, 0x0000016719be3000, 0x0000016719be6800, 0x0000016719be7000,
0x0000016719be9000, 0x0000016719be8000, 0x0000016719be9800, 0x0000016719bec000,
0x0000016719beb800, 0x0000016719bed000, 0x0000016719bea800, 0x0000016719bed800,
0x0000016719112000, 0x0000016719114000, 0x0000016719115800, 0x0000016719113000,
0x000001671b21a800, 0x000001671b21f800, 0x0000016719114800
}

Java Threads: ( => current thread )
  0x000001677d3dd800 JavaThread "main" [_thread_blocked, id=11004, stack(0x000000191ba00000,0x000000191bb00000)]
  0x000001677ce9d800 JavaThread "Reference Handler" daemon [_thread_blocked, id=5812, stack(0x000000191bc00000,0x000000191bd00000)]
  0x000001677cea1800 JavaThread "Finalizer" daemon [_thread_blocked, id=11928, stack(0x000000191bd00000,0x000000191be00000)]
  0x000001677ce9a800 JavaThread "Signal Dispatcher" daemon [_thread_blocked, id=19020, stack(0x000000191be00000,0x000000191bf00000)]
  0x000001677cead000 JavaThread "Attach Listener" daemon [_thread_blocked, id=15688, stack(0x000000191bf00000,0x000000191c000000)]
  0x000001677ceaf800 JavaThread "C2 CompilerThread0" daemon [_thread_in_native, id=11992, stack(0x000000191c000000,0x000000191c100000)]
  0x000001677ceb4000 JavaThread "C1 CompilerThread0" daemon [_thread_in_vm, id=13720, stack(0x000000191c100000,0x000000191c200000)]
  0x000001677cefb800 JavaThread "Sweeper thread" daemon [_thread_blocked, id=3176, stack(0x000000191c200000,0x000000191c300000)]
  0x000001677f817800 JavaThread "Common-Cleaner" daemon [_thread_blocked, id=19184, stack(0x000000191c300000,0x000000191c400000)]
  0x0000016717a49000 JavaThread "Thread-0" daemon [_thread_blocked, id=14684, stack(0x000000191c500000,0x000000191c600000)]
  0x00000167175a6800 JavaThread "Thread-1" daemon [_thread_blocked, id=5016, stack(0x000000191c600000,0x000000191c700000)]
  0x00000167175ec000 JavaThread "FileSystemWatchService" daemon [_thread_in_native, id=10776, stack(0x000000191c700000,0x000000191c800000)]
  0x0000016717b8a800 JavaThread "FileSystemWatchService" daemon [_thread_in_native, id=15064, stack(0x000000191c800000,0x000000191c900000)]
  0x00000167175bf800 JavaThread "Thread-2" daemon [_thread_blocked, id=1820, stack(0x000000191ca00000,0x000000191cb00000)]
  0x000001671837a800 JavaThread "Thread-3" daemon [_thread_blocked, id=15244, stack(0x000000191cb00000,0x000000191cc00000)]
  0x00000167179dd000 JavaThread "FileSystemWatchService" daemon [_thread_in_native, id=17320, stack(0x000000191cc00000,0x000000191cd00000)]
  0x00000167179de000 JavaThread "FileSystemWatchService" daemon [_thread_in_native, id=10172, stack(0x000000191cd00000,0x000000191ce00000)]
  0x0000016717e95000 JavaThread "FileSystemWatchService" daemon [_thread_in_native, id=7724, stack(0x000000191ce00000,0x000000191cf00000)]
  0x0000016718543000 JavaThread "HotSwap Watcher" daemon [_thread_blocked, id=17996, stack(0x000000191cf00000,0x000000191d000000)]
  0x000001671831d000 JavaThread "HotSwap Dispatcher" daemon [_thread_in_Java, id=11512, stack(0x000000191d000000,0x000000191d100000)]
  0x0000016718544000 JavaThread "Thread-6" daemon [_thread_blocked, id=2776, stack(0x000000191d100000,0x000000191d200000)]
  0x0000016718544800 JavaThread "Service Thread" daemon [_thread_blocked, id=10124, stack(0x000000191d200000,0x000000191d300000)]
  0x0000016718547000 JavaThread "HSQLDB Server @61813672" [_thread_in_native, id=17360, stack(0x000000191d500000,0x000000191d600000)]
  0x0000016718548000 JavaThread "HSQLDB Timer @47d94fe3" daemon [_thread_blocked, id=18844, stack(0x000000191d600000,0x000000191d700000)]
  0x0000016718545800 JavaThread "DefaultQuartzScheduler_Worker-1" [_thread_blocked, id=15996, stack(0x000000191d400000,0x000000191d500000)]
  0x0000016718548800 JavaThread "DefaultQuartzScheduler_Worker-2" [_thread_blocked, id=6308, stack(0x000000191d700000,0x000000191d800000)]
  0x0000016718546000 JavaThread "DefaultQuartzScheduler_Worker-3" [_thread_blocked, id=1772, stack(0x000000191d800000,0x000000191d900000)]
  0x0000016718549800 JavaThread "DefaultQuartzScheduler_Worker-4" [_thread_blocked, id=19364, stack(0x000000191d900000,0x000000191da00000)]
  0x000001671854a800 JavaThread "DefaultQuartzScheduler_Worker-5" [_thread_blocked, id=7140, stack(0x000000191da00000,0x000000191db00000)]
  0x0000016719be0000 JavaThread "DefaultQuartzScheduler_Worker-6" [_thread_blocked, id=9304, stack(0x000000191db00000,0x000000191dc00000)]
  0x0000016719be1800 JavaThread "DefaultQuartzScheduler_Worker-7" [_thread_blocked, id=2352, stack(0x000000191dc00000,0x000000191dd00000)]
  0x0000016719be0800 JavaThread "DefaultQuartzScheduler_Worker-8" [_thread_blocked, id=6416, stack(0x000000191dd00000,0x000000191de00000)]
  0x0000016719bdf000 JavaThread "DefaultQuartzScheduler_Worker-9" [_thread_blocked, id=2196, stack(0x000000191de00000,0x000000191df00000)]
  0x0000016719be4000 JavaThread "DefaultQuartzScheduler_Worker-10" [_thread_blocked, id=12704, stack(0x000000191df00000,0x000000191e000000)]
  0x0000016719be4800 JavaThread "DefaultQuartzScheduler_QuartzSchedulerThread" [_thread_blocked, id=12456, stack(0x000000191e000000,0x000000191e100000)]
  0x0000016719be2800 JavaThread "Thread-12" daemon [_thread_blocked, id=9004, stack(0x000000191c900000,0x000000191ca00000)]
  0x0000016719be5800 JavaThread "Catalina-utility-1" [_thread_blocked, id=14208, stack(0x000000191e100000,0x000000191e200000)]
  0x0000016719be3000 JavaThread "Catalina-utility-2" [_thread_blocked, id=18160, stack(0x000000191e200000,0x000000191e300000)]
  0x0000016719be6800 JavaThread "http-nio-8080-exec-1" daemon [_thread_blocked, id=13536, stack(0x000000191e300000,0x000000191e400000)]
  0x0000016719be7000 JavaThread "http-nio-8080-exec-2" daemon [_thread_blocked, id=5852, stack(0x000000191e400000,0x000000191e500000)]
  0x0000016719be9000 JavaThread "http-nio-8080-exec-3" daemon [_thread_blocked, id=12052, stack(0x000000191e500000,0x000000191e600000)]
  0x0000016719be8000 JavaThread "http-nio-8080-exec-4" daemon [_thread_blocked, id=9976, stack(0x000000191e600000,0x000000191e700000)]
  0x0000016719be9800 JavaThread "http-nio-8080-exec-5" daemon [_thread_blocked, id=18972, stack(0x000000191e700000,0x000000191e800000)]
  0x0000016719bec000 JavaThread "http-nio-8080-exec-6" daemon [_thread_blocked, id=17920, stack(0x000000191e800000,0x000000191e900000)]
  0x0000016719beb800 JavaThread "http-nio-8080-exec-7" daemon [_thread_blocked, id=3404, stack(0x000000191e900000,0x000000191ea00000)]
  0x0000016719bed000 JavaThread "http-nio-8080-exec-8" daemon [_thread_blocked, id=14728, stack(0x000000191ea00000,0x000000191eb00000)]
  0x0000016719bea800 JavaThread "http-nio-8080-exec-9" daemon [_thread_blocked, id=14420, stack(0x000000191eb00000,0x000000191ec00000)]
  0x0000016719bed800 JavaThread "http-nio-8080-exec-10" daemon [_thread_blocked, id=14748, stack(0x000000191ec00000,0x000000191ed00000)]
  0x0000016719112000 JavaThread "http-nio-8080-Poller" daemon [_thread_in_native, id=10796, stack(0x000000191ed00000,0x000000191ee00000)]
  0x0000016719114000 JavaThread "http-nio-8080-Acceptor" daemon [_thread_in_native, id=15712, stack(0x000000191ee00000,0x000000191ef00000)]
  0x0000016719115800 JavaThread "HSQLDB Connection @65fb707b" [_thread_in_native, id=6680, stack(0x000000191b900000,0x000000191ba00000)]
  0x0000016719113000 JavaThread "C2 CompilerThread1" daemon [_thread_in_vm, id=17204, stack(0x000000191b800000,0x000000191b900000)]
  0x000001671b21a800 JavaThread "C2 CompilerThread2" daemon [_thread_in_native, id=17324, stack(0x000000191ef00000,0x000000191f000000)]
  0x000001671b21f800 JavaThread "Thread-7678" daemon [_thread_blocked, id=10556, stack(0x000000191f300000,0x000000191f400000)]
=>0x0000016719114800 JavaThread "Thread-7692" daemon [_thread_in_vm, id=18292, stack(0x0000001920100000,0x0000001920200000)]

Other Threads:
  0x000001677ce65800 VMThread "VM Thread" [stack: 0x000000191bb00000,0x000000191bc00000] [id=10628]
  0x0000016718f13800 WatcherThread [stack: 0x000000191d300000,0x000000191d400000] [id=14120]

Threads with active compile tasks:
C2 CompilerThread01056389 29500       4       java.net.URI$Parser::scan (41 bytes)
C1 CompilerThread01056389 29405       2       java.lang.ClassLoader::checkName (37 bytes)
C2 CompilerThread11056390 29425 %     4       java.io.WinNTFileSystem::normalize @ 22 (143 bytes)
C2 CompilerThread21056390 29106       4       java.io.DataInputStream::readFully (63 bytes)

VM state:not at safepoint (normal execution)

VM Mutex/Monitor currently owned by a thread:  ([mutex/lock_event])
[0x000001677d3db0f0] EnhancedRedefineClasses_lock - owner thread: 0x0000016719114800

Heap address: 0x0000000602a00000, size: 8150 MB, Compressed Oops mode: Zero based, Oop shift amount: 3
Narrow klass base: 0x0000000800000000, Narrow klass shift: 0
Compressed class space size: 1073741824 Address: 0x0000000800000000

Heap:
 def new generation   total 156800K, used 30017K [0x0000000602a00000, 0x000000060d420000, 0x00000006ac6a0000)
  eden space 139392K,  20% used [0x0000000602a00000, 0x0000000604581ef0, 0x000000060b220000)
  from space 17408K,  10% used [0x000000060b220000, 0x000000060b3ee8c0, 0x000000060c320000)
  to   space 17408K,   0% used [0x000000060c320000, 0x000000060c320000, 0x000000060d420000)
 tenured generation   total 348160K, used 61889K [0x00000006ac6a0000, 0x00000006c1aa0000, 0x0000000800000000)
   the space 348160K,  17% used [0x00000006ac6a0000, 0x00000006b0310558, 0x00000006b0310600, 0x00000006c1aa0000)
 Metaspace       used 158095K, capacity 163888K, committed 163908K, reserved 1189888K
  class space    used 20701K, capacity 22923K, committed 22940K, reserved 1048576K

Card table byte_map: [0x000001677d4a0000,0x000001677e490000] _byte_map_base: 0x000001677a48b000

Polling page: 0x000001677b290000

Metaspace:

Usage:
  Non-class:    137.66 MB capacity,   134.17 MB ( 97%) used,     3.06 MB (  2%) free+waste,   435.06 KB ( <1%) overhead. 
      Class:     22.39 MB capacity,    20.22 MB ( 90%) used,     1.97 MB (  9%) free+waste,   207.06 KB ( <1%) overhead. 
       Both:    160.05 MB capacity,   154.39 MB ( 96%) used,     5.03 MB (  3%) free+waste,   642.13 KB ( <1%) overhead. 

Virtual space:
  Non-class space:      138.00 MB reserved,     137.66 MB (>99%) committed 
      Class space:        1.00 GB reserved,      22.40 MB (  2%) committed 
             Both:        1.13 GB reserved,     160.07 MB ( 14%) committed 

Chunk freelists:
   Non-Class:  0 bytes
       Class:  0 bytes
        Both:  0 bytes

MaxMetaspaceSize: 17179869184.00 GB
CompressedClassSpaceSize: 1.00 GB

CodeHeap 'non-profiled nmethods': size=120000Kb used=3669Kb max_used=9534Kb free=116330Kb
 bounds [0x0000016710060000, 0x00000167109c0000, 0x0000016717590000]
CodeHeap 'profiled nmethods': size=120000Kb used=9083Kb max_used=29257Kb free=110916Kb
 bounds [0x0000016708b30000, 0x000001670a7f0000, 0x0000016710060000]
CodeHeap 'non-nmethods': size=5760Kb used=1356Kb max_used=1434Kb free=4403Kb
 bounds [0x0000016708590000, 0x0000016708800000, 0x0000016708b30000]
 total_blobs=6434 nmethods=5664 adapters=682
 compilation: enabled
              stopped_count=0, restarted_count=0
 full_count=0

Compilation events (20 events):
Event: 1056.360 Thread 0x000001677ceb4000 nmethod 29375 0x00000167091a1810 code [0x00000167091a1a00, 0x00000167091a1db8]
Event: 1056.360 Thread 0x000001677ceb4000 29380   !   2       java.lang.ThreadGroup::remove (94 bytes)
Event: 1056.360 Thread 0x000001677ceb4000 nmethod 29380 0x00000167091a0f10 code [0x00000167091a10e0, 0x00000167091a1588]
Event: 1056.360 Thread 0x000001677ceb4000 29381       2       java.net.URL::isValidProtocol (78 bytes)
Event: 1056.361 Thread 0x000001677ceb4000 nmethod 29381 0x00000167091a0210 code [0x00000167091a0440, 0x00000167091a0a78]
Event: 1056.361 Thread 0x000001677ceb4000 29363       2       jdk.internal.org.objectweb.asm.ClassWriter::get (49 bytes)
Event: 1056.361 Thread 0x000001677ceb4000 nmethod 29363 0x000001670919fc90 code [0x000001670919fe60, 0x00000167091a0068]
Event: 1056.361 Thread 0x000001677ceb4000 29369       2       jdk.internal.org.objectweb.asm.ByteVector::putShort (52 bytes)
Event: 1056.361 Thread 0x000001677ceb4000 nmethod 29369 0x000001670919f790 code [0x000001670919f940, 0x000001670919fb08]
Event: 1056.361 Thread 0x000001677ceb4000 29359       2       java.util.ArrayList::<init> (61 bytes)
Event: 1056.361 Thread 0x0000016719113000 nmethod 29283 0x00000167102feb10 code [0x00000167102feca0, 0x00000167102fef58]
Event: 1056.362 Thread 0x0000016719113000 29399       4       java.lang.StringLatin1::equals (36 bytes)
Event: 1056.362 Thread 0x000001671b21a800 nmethod 29327 0x00000167102fdd10 code [0x00000167102fdea0, 0x00000167102fe0f8]
Event: 1056.362 Thread 0x000001671b21a800 29145 %     4       java.util.concurrent.ConcurrentHashMap$Traverser::advance @ 14 (188 bytes)
Event: 1056.362 Thread 0x000001677ceb4000 nmethod 29359 0x000001670919ee10 code [0x000001670919f020, 0x000001670919f518]
Event: 1056.362 Thread 0x000001677ceb4000 29414       2       java.util.Arrays::hashCode (56 bytes)
Event: 1056.362 Thread 0x000001677ceb4000 nmethod 29414 0x000001670919e910 code [0x000001670919eac0, 0x000001670919eca8]
Event: 1056.362 Thread 0x000001677ceb4000 29413       2       org.hotswap.agent.logging.AgentLogger::isLevelEnabled (155 bytes)
Event: 1056.363 Thread 0x000001677ceb4000 nmethod 29413 0x000001670919dc90 code [0x000001670919dee0, 0x000001670919e4e8]
Event: 1056.363 Thread 0x000001677ceb4000 29419       2       sun.nio.fs.WindowsPath::hashCode (52 bytes)

GC Heap History (20 events):
Event: 560.432 GC heap before
{Heap before GC invocations=25 (full 4):
 def new generation   total 156800K, used 140440K [0x0000000602a00000, 0x000000060d420000, 0x00000006ac6a0000)
  eden space 139392K, 100% used [0x0000000602a00000, 0x000000060b220000, 0x000000060b220000)
  from space 17408K,   6% used [0x000000060b220000, 0x000000060b3260b0, 0x000000060c320000)
  to   space 17408K,   0% used [0x000000060c320000, 0x000000060c320000, 0x000000060d420000)
 tenured generation   total 348160K, used 53224K [0x00000006ac6a0000, 0x00000006c1aa0000, 0x0000000800000000)
   the space 348160K,  15% used [0x00000006ac6a0000, 0x00000006afa9a2e8, 0x00000006afa9a400, 0x00000006c1aa0000)
 Metaspace       used 144691K, capacity 148898K, committed 149032K, reserved 1177600K
  class space    used 18430K, capacity 20076K, committed 20096K, reserved 1048576K
}
Event: 560.439 GC heap after
{Heap after GC invocations=26 (full 4):
 def new generation   total 156800K, used 8796K [0x0000000602a00000, 0x000000060d420000, 0x00000006ac6a0000)
  eden space 139392K,   0% used [0x0000000602a00000, 0x0000000602a00000, 0x000000060b220000)
  from space 17408K,  50% used [0x000000060c320000, 0x000000060cbb7238, 0x000000060d420000)
  to   space 17408K,   0% used [0x000000060b220000, 0x000000060b220000, 0x000000060c320000)
 tenured generation   total 348160K, used 53224K [0x00000006ac6a0000, 0x00000006c1aa0000, 0x0000000800000000)
   the space 348160K,  15% used [0x00000006ac6a0000, 0x00000006afa9a2e8, 0x00000006afa9a400, 0x00000006c1aa0000)
 Metaspace       used 144691K, capacity 148898K, committed 149032K, reserved 1177600K
  class space    used 18430K, capacity 20076K, committed 20096K, reserved 1048576K
}
Event: 561.693 GC heap before
{Heap before GC invocations=26 (full 4):
 def new generation   total 156800K, used 148188K [0x0000000602a00000, 0x000000060d420000, 0x00000006ac6a0000)
  eden space 139392K, 100% used [0x0000000602a00000, 0x000000060b220000, 0x000000060b220000)
  from space 17408K,  50% used [0x000000060c320000, 0x000000060cbb7238, 0x000000060d420000)
  to   space 17408K,   0% used [0x000000060b220000, 0x000000060b220000, 0x000000060c320000)
 tenured generation   total 348160K, used 53224K [0x00000006ac6a0000, 0x00000006c1aa0000, 0x0000000800000000)
   the space 348160K,  15% used [0x00000006ac6a0000, 0x00000006afa9a2e8, 0x00000006afa9a400, 0x00000006c1aa0000)
 Metaspace       used 149232K, capacity 153622K, committed 153640K, reserved 1181696K
  class space    used 19098K, capacity 20851K, committed 20864K, reserved 1048576K
}
Event: 561.700 GC heap after
{Heap after GC invocations=27 (full 4):
 def new generation   total 156800K, used 9568K [0x0000000602a00000, 0x000000060d420000, 0x00000006ac6a0000)
  eden space 139392K,   0% used [0x0000000602a00000, 0x0000000602a00000, 0x000000060b220000)
  from space 17408K,  54% used [0x000000060b220000, 0x000000060bb78190, 0x000000060c320000)
  to   space 17408K,   0% used [0x000000060c320000, 0x000000060c320000, 0x000000060d420000)
 tenured generation   total 348160K, used 54148K [0x00000006ac6a0000, 0x00000006c1aa0000, 0x0000000800000000)
   the space 348160K,  15% used [0x00000006ac6a0000, 0x00000006afb81390, 0x00000006afb81400, 0x00000006c1aa0000)
 Metaspace       used 149232K, capacity 153622K, committed 153640K, reserved 1181696K
  class space    used 19098K, capacity 20851K, committed 20864K, reserved 1048576K
}
Event: 564.806 GC heap before
{Heap before GC invocations=27 (full 4):
 def new generation   total 156800K, used 148960K [0x0000000602a00000, 0x000000060d420000, 0x00000006ac6a0000)
  eden space 139392K, 100% used [0x0000000602a00000, 0x000000060b220000, 0x000000060b220000)
  from space 17408K,  54% used [0x000000060b220000, 0x000000060bb78190, 0x000000060c320000)
  to   space 17408K,   0% used [0x000000060c320000, 0x000000060c320000, 0x000000060d420000)
 tenured generation   total 348160K, used 54148K [0x00000006ac6a0000, 0x00000006c1aa0000, 0x0000000800000000)
   the space 348160K,  15% used [0x00000006ac6a0000, 0x00000006afb81390, 0x00000006afb81400, 0x00000006c1aa0000)
 Metaspace       used 153720K, capacity 158402K, committed 158504K, reserved 1185792K
  class space    used 19756K, capacity 21619K, committed 21632K, reserved 1048576K
}
Event: 564.813 GC heap after
{Heap after GC invocations=28 (full 4):
 def new generation   total 156800K, used 2246K [0x0000000602a00000, 0x000000060d420000, 0x00000006ac6a0000)
  eden space 139392K,   0% used [0x0000000602a00000, 0x0000000602a00000, 0x000000060b220000)
  from space 17408K,  12% used [0x000000060c320000, 0x000000060c551810, 0x000000060d420000)
  to   space 17408K,   0% used [0x000000060b220000, 0x000000060b220000, 0x000000060c320000)
 tenured generation   total 348160K, used 61889K [0x00000006ac6a0000, 0x00000006c1aa0000, 0x0000000800000000)
   the space 348160K,  17% used [0x00000006ac6a0000, 0x00000006b0310558, 0x00000006b0310600, 0x00000006c1aa0000)
 Metaspace       used 153720K, capacity 158402K, committed 158504K, reserved 1185792K
  class space    used 19756K, capacity 21619K, committed 21632K, reserved 1048576K
}
Event: 1043.675 GC heap before
{Heap before GC invocations=28 (full 4):
 def new generation   total 156800K, used 141638K [0x0000000602a00000, 0x000000060d420000, 0x00000006ac6a0000)
  eden space 139392K,  99% used [0x0000000602a00000, 0x000000060b21fff0, 0x000000060b220000)
  from space 17408K,  12% used [0x000000060c320000, 0x000000060c551810, 0x000000060d420000)
  to   space 17408K,   0% used [0x000000060b220000, 0x000000060b220000, 0x000000060c320000)
 tenured generation   total 348160K, used 61889K [0x00000006ac6a0000, 0x00000006c1aa0000, 0x0000000800000000)
   the space 348160K,  17% used [0x00000006ac6a0000, 0x00000006b0310558, 0x00000006b0310600, 0x00000006c1aa0000)
 Metaspace       used 155060K, capacity 159758K, committed 160040K, reserved 1187840K
  class space    used 19936K, capacity 21818K, committed 21888K, reserved 1048576K
}
Event: 1043.679 GC heap after
{Heap after GC invocations=29 (full 4):
 def new generation   total 156800K, used 1168K [0x0000000602a00000, 0x000000060d420000, 0x00000006ac6a0000)
  eden space 139392K,   0% used [0x0000000602a00000, 0x0000000602a00000, 0x000000060b220000)
  from space 17408K,   6% used [0x000000060b220000, 0x000000060b344368, 0x000000060c320000)
  to   space 17408K,   0% used [0x000000060c320000, 0x000000060c320000, 0x000000060d420000)
 tenured generation   total 348160K, used 61889K [0x00000006ac6a0000, 0x00000006c1aa0000, 0x0000000800000000)
   the space 348160K,  17% used [0x00000006ac6a0000, 0x00000006b0310558, 0x00000006b0310600, 0x00000006c1aa0000)
 Metaspace       used 155060K, capacity 159758K, committed 160040K, reserved 1187840K
  class space    used 19936K, capacity 21818K, committed 21888K, reserved 1048576K
}
Event: 1044.374 GC heap before
{Heap before GC invocations=29 (full 4):
 def new generation   total 156800K, used 140560K [0x0000000602a00000, 0x000000060d420000, 0x00000006ac6a0000)
  eden space 139392K, 100% used [0x0000000602a00000, 0x000000060b220000, 0x000000060b220000)
  from space 17408K,   6% used [0x000000060b220000, 0x000000060b344368, 0x000000060c320000)
  to   space 17408K,   0% used [0x000000060c320000, 0x000000060c320000, 0x000000060d420000)
 tenured generation   total 348160K, used 61889K [0x00000006ac6a0000, 0x00000006c1aa0000, 0x0000000800000000)
   the space 348160K,  17% used [0x00000006ac6a0000, 0x00000006b0310558, 0x00000006b0310600, 0x00000006c1aa0000)
 Metaspace       used 155149K, capacity 159841K, committed 160040K, reserved 1187840K
  class space    used 19940K, capacity 21822K, committed 21888K, reserved 1048576K
}
Event: 1044.377 GC heap after
{Heap after GC invocations=30 (full 4):
 def new generation   total 156800K, used 2209K [0x0000000602a00000, 0x000000060d420000, 0x00000006ac6a0000)
  eden space 139392K,   0% used [0x0000000602a00000, 0x0000000602a00000, 0x000000060b220000)
  from space 17408K,  12% used [0x000000060c320000, 0x000000060c5484b0, 0x000000060d420000)
  to   space 17408K,   0% used [0x000000060b220000, 0x000000060b220000, 0x000000060c320000)
 tenured generation   total 348160K, used 61889K [0x00000006ac6a0000, 0x00000006c1aa0000, 0x0000000800000000)
   the space 348160K,  17% used [0x00000006ac6a0000, 0x00000006b0310558, 0x00000006b0310600, 0x00000006c1aa0000)
 Metaspace       used 155149K, capacity 159841K, committed 160040K, reserved 1187840K
  class space    used 19940K, capacity 21822K, committed 21888K, reserved 1048576K
}
Event: 1047.141 GC heap before
{Heap before GC invocations=30 (full 4):
 def new generation   total 156800K, used 141601K [0x0000000602a00000, 0x000000060d420000, 0x00000006ac6a0000)
  eden space 139392K, 100% used [0x0000000602a00000, 0x000000060b220000, 0x000000060b220000)
  from space 17408K,  12% used [0x000000060c320000, 0x000000060c5484b0, 0x000000060d420000)
  to   space 17408K,   0% used [0x000000060b220000, 0x000000060b220000, 0x000000060c320000)
 tenured generation   total 348160K, used 61889K [0x00000006ac6a0000, 0x00000006c1aa0000, 0x0000000800000000)
   the space 348160K,  17% used [0x00000006ac6a0000, 0x00000006b0310558, 0x00000006b0310600, 0x00000006c1aa0000)
 Metaspace       used 156377K, capacity 161305K, committed 161576K, reserved 1189888K
  class space    used 20181K, capacity 22109K, committed 22144K, reserved 1048576K
}
Event: 1047.155 GC heap after
{Heap after GC invocations=31 (full 4):
 def new generation   total 156800K, used 1360K [0x0000000602a00000, 0x000000060d420000, 0x00000006ac6a0000)
  eden space 139392K,   0% used [0x0000000602a00000, 0x0000000602a00000, 0x000000060b220000)
  from space 17408K,   7% used [0x000000060b220000, 0x000000060b3740c0, 0x000000060c320000)
  to   space 17408K,   0% used [0x000000060c320000, 0x000000060c320000, 0x000000060d420000)
 tenured generation   total 348160K, used 61889K [0x00000006ac6a0000, 0x00000006c1aa0000, 0x0000000800000000)
   the space 348160K,  17% used [0x00000006ac6a0000, 0x00000006b0310558, 0x00000006b0310600, 0x00000006c1aa0000)
 Metaspace       used 156377K, capacity 161305K, committed 161576K, reserved 1189888K
  class space    used 20181K, capacity 22109K, committed 22144K, reserved 1048576K
}
Event: 1049.340 GC heap before
{Heap before GC invocations=31 (full 4):
 def new generation   total 156800K, used 140752K [0x0000000602a00000, 0x000000060d420000, 0x00000006ac6a0000)
  eden space 139392K, 100% used [0x0000000602a00000, 0x000000060b220000, 0x000000060b220000)
  from space 17408K,   7% used [0x000000060b220000, 0x000000060b3740c0, 0x000000060c320000)
  to   space 17408K,   0% used [0x000000060c320000, 0x000000060c320000, 0x000000060d420000)
 tenured generation   total 348160K, used 61889K [0x00000006ac6a0000, 0x00000006c1aa0000, 0x0000000800000000)
   the space 348160K,  17% used [0x00000006ac6a0000, 0x00000006b0310558, 0x00000006b0310600, 0x00000006c1aa0000)
 Metaspace       used 156735K, capacity 161976K, committed 162088K, reserved 1189888K
  class space    used 20310K, capacity 22354K, committed 22400K, reserved 1048576K
}
Event: 1049.348 GC heap after
{Heap after GC invocations=32 (full 4):
 def new generation   total 156800K, used 4135K [0x0000000602a00000, 0x000000060d420000, 0x00000006ac6a0000)
  eden space 139392K,   0% used [0x0000000602a00000, 0x0000000602a00000, 0x000000060b220000)
  from space 17408K,  23% used [0x000000060c320000, 0x000000060c729e60, 0x000000060d420000)
  to   space 17408K,   0% used [0x000000060b220000, 0x000000060b220000, 0x000000060c320000)
 tenured generation   total 348160K, used 61889K [0x00000006ac6a0000, 0x00000006c1aa0000, 0x0000000800000000)
   the space 348160K,  17% used [0x00000006ac6a0000, 0x00000006b0310558, 0x00000006b0310600, 0x00000006c1aa0000)
 Metaspace       used 156735K, capacity 161976K, committed 162088K, reserved 1189888K
  class space    used 20310K, capacity 22354K, committed 22400K, reserved 1048576K
}
Event: 1051.942 GC heap before
{Heap before GC invocations=32 (full 4):
 def new generation   total 156800K, used 143527K [0x0000000602a00000, 0x000000060d420000, 0x00000006ac6a0000)
  eden space 139392K, 100% used [0x0000000602a00000, 0x000000060b220000, 0x000000060b220000)
  from space 17408K,  23% used [0x000000060c320000, 0x000000060c729e60, 0x000000060d420000)
  to   space 17408K,   0% used [0x000000060b220000, 0x000000060b220000, 0x000000060c320000)
 tenured generation   total 348160K, used 61889K [0x00000006ac6a0000, 0x00000006c1aa0000, 0x0000000800000000)
   the space 348160K,  17% used [0x00000006ac6a0000, 0x00000006b0310558, 0x00000006b0310600, 0x00000006c1aa0000)
 Metaspace       used 157091K, capacity 162436K, committed 162728K, reserved 1189888K
  class space    used 20421K, capacity 22486K, committed 22528K, reserved 1048576K
}
Event: 1051.949 GC heap after
{Heap after GC invocations=33 (full 4):
 def new generation   total 156800K, used 1623K [0x0000000602a00000, 0x000000060d420000, 0x00000006ac6a0000)
  eden space 139392K,   0% used [0x0000000602a00000, 0x0000000602a00000, 0x000000060b220000)
  from space 17408K,   9% used [0x000000060b220000, 0x000000060b3b5c58, 0x000000060c320000)
  to   space 17408K,   0% used [0x000000060c320000, 0x000000060c320000, 0x000000060d420000)
 tenured generation   total 348160K, used 61889K [0x00000006ac6a0000, 0x00000006c1aa0000, 0x0000000800000000)
   the space 348160K,  17% used [0x00000006ac6a0000, 0x00000006b0310558, 0x00000006b0310600, 0x00000006c1aa0000)
 Metaspace       used 157091K, capacity 162436K, committed 162728K, reserved 1189888K
  class space    used 20421K, capacity 22486K, committed 22528K, reserved 1048576K
}
Event: 1052.658 GC heap before
{Heap before GC invocations=33 (full 4):
 def new generation   total 156800K, used 141015K [0x0000000602a00000, 0x000000060d420000, 0x00000006ac6a0000)
  eden space 139392K, 100% used [0x0000000602a00000, 0x000000060b220000, 0x000000060b220000)
  from space 17408K,   9% used [0x000000060b220000, 0x000000060b3b5c58, 0x000000060c320000)
  to   space 17408K,   0% used [0x000000060c320000, 0x000000060c320000, 0x000000060d420000)
 tenured generation   total 348160K, used 61889K [0x00000006ac6a0000, 0x00000006c1aa0000, 0x0000000800000000)
   the space 348160K,  17% used [0x00000006ac6a0000, 0x00000006b0310558, 0x00000006b0310600, 0x00000006c1aa0000)
 Metaspace       used 157166K, capacity 162573K, committed 162728K, reserved 1189888K
  class space    used 20437K, capacity 22510K, committed 22528K, reserved 1048576K
}
Event: 1052.664 GC heap after
{Heap after GC invocations=34 (full 4):
 def new generation   total 156800K, used 1825K [0x0000000602a00000, 0x000000060d420000, 0x00000006ac6a0000)
  eden space 139392K,   0% used [0x0000000602a00000, 0x0000000602a00000, 0x000000060b220000)
  from space 17408K,  10% used [0x000000060c320000, 0x000000060c4e87d8, 0x000000060d420000)
  to   space 17408K,   0% used [0x000000060b220000, 0x000000060b220000, 0x000000060c320000)
 tenured generation   total 348160K, used 61889K [0x00000006ac6a0000, 0x00000006c1aa0000, 0x0000000800000000)
   the space 348160K,  17% used [0x00000006ac6a0000, 0x00000006b0310558, 0x00000006b0310600, 0x00000006c1aa0000)
 Metaspace       used 157166K, capacity 162573K, committed 162728K, reserved 1189888K
  class space    used 20437K, capacity 22510K, committed 22528K, reserved 1048576K
}
Event: 1055.509 GC heap before
{Heap before GC invocations=34 (full 4):
 def new generation   total 156800K, used 141217K [0x0000000602a00000, 0x000000060d420000, 0x00000006ac6a0000)
  eden space 139392K, 100% used [0x0000000602a00000, 0x000000060b220000, 0x000000060b220000)
  from space 17408K,  10% used [0x000000060c320000, 0x000000060c4e87d8, 0x000000060d420000)
  to   space 17408K,   0% used [0x000000060b220000, 0x000000060b220000, 0x000000060c320000)
 tenured generation   total 348160K, used 61889K [0x00000006ac6a0000, 0x00000006c1aa0000, 0x0000000800000000)
   the space 348160K,  17% used [0x00000006ac6a0000, 0x00000006b0310558, 0x00000006b0310600, 0x00000006c1aa0000)
 Metaspace       used 157834K, capacity 163579K, committed 163880K, reserved 1189888K
  class space    used 20635K, capacity 22822K, committed 22912K, reserved 1048576K
}
Event: 1055.516 GC heap after
{Heap after GC invocations=35 (full 4):
 def new generation   total 156800K, used 1850K [0x0000000602a00000, 0x000000060d420000, 0x00000006ac6a0000)
  eden space 139392K,   0% used [0x0000000602a00000, 0x0000000602a00000, 0x000000060b220000)
  from space 17408K,  10% used [0x000000060b220000, 0x000000060b3ee8c0, 0x000000060c320000)
  to   space 17408K,   0% used [0x000000060c320000, 0x000000060c320000, 0x000000060d420000)
 tenured generation   total 348160K, used 61889K [0x00000006ac6a0000, 0x00000006c1aa0000, 0x0000000800000000)
   the space 348160K,  17% used [0x00000006ac6a0000, 0x00000006b0310558, 0x00000006b0310600, 0x00000006c1aa0000)
 Metaspace       used 157834K, capacity 163579K, committed 163880K, reserved 1189888K
  class space    used 20635K, capacity 22822K, committed 22912K, reserved 1048576K
}

Deoptimization events (20 events):
Event: 1055.949 Thread 0x000001671831d000 DEOPT PACKING pc=0x00000167090c6ee9 sp=0x000000191d0fe800
Event: 1055.949 Thread 0x000001671831d000 DEOPT UNPACKING pc=0x00000167085b6d4e sp=0x000000191d0fdca0 mode 0
Event: 1055.956 Thread 0x000001671831d000 DEOPT PACKING pc=0x00000167090c4520 sp=0x000000191d0feb50
Event: 1055.956 Thread 0x000001671831d000 DEOPT UNPACKING pc=0x00000167085b6d4e sp=0x000000191d0fe048 mode 0
Event: 1056.070 Thread 0x000001671831d000 DEOPT PACKING pc=0x00000167091269b4 sp=0x000000191d0fec00
Event: 1056.070 Thread 0x000001671831d000 DEOPT UNPACKING pc=0x00000167085b6d4e sp=0x000000191d0fe080 mode 0
Event: 1056.070 Thread 0x000001671831d000 DEOPT PACKING pc=0x0000016709120cec sp=0x000000191d0feca0
Event: 1056.070 Thread 0x000001671831d000 DEOPT UNPACKING pc=0x00000167085b6d4e sp=0x000000191d0fe178 mode 0
Event: 1056.070 Thread 0x000001671831d000 DEOPT PACKING pc=0x0000016709122924 sp=0x000000191d0fedf0
Event: 1056.070 Thread 0x000001671831d000 DEOPT UNPACKING pc=0x00000167085b6d4e sp=0x000000191d0fe350 mode 0
Event: 1056.099 Thread 0x000001671831d000 DEOPT PACKING pc=0x00000167090fba69 sp=0x000000191d0fe990
Event: 1056.099 Thread 0x000001671831d000 DEOPT UNPACKING pc=0x00000167085b6d4e sp=0x000000191d0fde30 mode 0
Event: 1056.207 Thread 0x000001671831d000 DEOPT PACKING pc=0x00000167090f763c sp=0x000000191d0fe9f0
Event: 1056.207 Thread 0x000001671831d000 DEOPT UNPACKING pc=0x00000167085b6d4e sp=0x000000191d0fde90 mode 0
Event: 1056.355 Thread 0x000001671831d000 DEOPT PACKING pc=0x00000167091c2014 sp=0x000000191d0fec10
Event: 1056.355 Thread 0x000001671831d000 DEOPT UNPACKING pc=0x00000167085b6d4e sp=0x000000191d0fe098 mode 0
Event: 1056.355 Thread 0x000001671831d000 DEOPT PACKING pc=0x00000167091c365c sp=0x000000191d0feca0
Event: 1056.355 Thread 0x000001671831d000 DEOPT UNPACKING pc=0x00000167085b6d4e sp=0x000000191d0fe238 mode 0
Event: 1056.355 Thread 0x000001671831d000 DEOPT PACKING pc=0x00000167091c28a4 sp=0x000000191d0fedf0
Event: 1056.355 Thread 0x000001671831d000 DEOPT UNPACKING pc=0x00000167085b6d4e sp=0x000000191d0fe350 mode 0

Classes redefined (20 events):
Event: 1054.758 Thread 0x000001677ce65800 redefined class name=com.sta.biometric.anotaciones.Capitalizar, count=3
Event: 1054.921 Thread 0x000001677ce65800 redefined class name=com.sta.biometric.anotaciones.MiLabel, count=1
Event: 1054.921 Thread 0x000001677ce65800 redefined class name=com.sun.proxy.$Proxy142, count=1
Event: 1054.921 Thread 0x000001677ce65800 redefined class name=com.sta.biometric.anotaciones.Mayuscula, count=1
Event: 1054.921 Thread 0x000001677ce65800 redefined class name=com.sun.proxy.$Proxy114, count=1
Event: 1055.075 Thread 0x000001677ce65800 redefined class name=com.sta.biometric.anotaciones.Mayuscula, count=2
Event: 1055.075 Thread 0x000001677ce65800 redefined class name=com.sta.biometric.anotaciones.MiLabel, count=1
Event: 1055.349 Thread 0x000001677ce65800 redefined class name=com.sta.biometric.anotaciones.MiLabel, count=2
Event: 1055.540 Thread 0x000001677ce65800 redefined class name=com.sta.biometric.anotaciones.MiLabel, count=2
Event: 1055.540 Thread 0x000001677ce65800 redefined class name=com.sun.proxy.$Proxy142, count=2
Event: 1055.797 Thread 0x000001677ce65800 redefined class name=com.sta.biometric.anotaciones.MiLabel, count=3
Event: 1055.797 Thread 0x000001677ce65800 redefined class name=com.sta.biometric.auxiliares.Feriados, count=1
Event: 1055.797 Thread 0x000001677ce65800 redefined class name=com.sta.biometric.auxiliares.Dni, count=1
Event: 1055.962 Thread 0x000001677ce65800 redefined class name=com.sta.biometric.auxiliares.Feriados, count=1
Event: 1055.962 Thread 0x000001677ce65800 redefined class name=com.sta.biometric.auxiliares.Feriados$HibernateProxy$nlQlMULP, count=1
Event: 1055.962 Thread 0x000001677ce65800 redefined class name=com.sta.biometric.auxiliares.Dni, count=1
Event: 1055.962 Thread 0x000001677ce65800 redefined class name=com.sta.biometric.auxiliares.Dni$HibernateProxy$6FfuTnLK, count=1
Event: 1056.100 Thread 0x000001677ce65800 redefined class name=com.sta.biometric.auxiliares.Feriados, count=2
Event: 1056.245 Thread 0x000001677ce65800 redefined class name=com.sta.biometric.auxiliares.Feriados, count=2
Event: 1056.245 Thread 0x000001677ce65800 redefined class name=com.sta.biometric.auxiliares.Feriados$HibernateProxy$nlQlMULP, count=2

Internal exceptions (20 events):
Event: 1043.582 Thread 0x000001671831d000 Exception <a 'sun/nio/fs/WindowsException'{0x000000060ae9f728}> (0x000000060ae9f728) thrown at [./src/hotspot/share/prims/jni.cpp, line 616]
Event: 1043.582 Thread 0x000001671831d000 Exception <a 'sun/nio/fs/WindowsException'{0x000000060ae9fb30}> (0x000000060ae9fb30) thrown at [./src/hotspot/share/prims/jni.cpp, line 616]
Event: 1043.582 Thread 0x000001671831d000 Exception <a 'sun/nio/fs/WindowsException'{0x000000060aea0360}> (0x000000060aea0360) thrown at [./src/hotspot/share/prims/jni.cpp, line 616]
Event: 1043.582 Thread 0x000001671831d000 Exception <a 'sun/nio/fs/WindowsException'{0x000000060aea0750}> (0x000000060aea0750) thrown at [./src/hotspot/share/prims/jni.cpp, line 616]
Event: 1043.582 Thread 0x000001671831d000 Exception <a 'sun/nio/fs/WindowsException'{0x000000060aea0f40}> (0x000000060aea0f40) thrown at [./src/hotspot/share/prims/jni.cpp, line 616]
Event: 1043.582 Thread 0x000001671831d000 Exception <a 'sun/nio/fs/WindowsException'{0x000000060aea1738}> (0x000000060aea1738) thrown at [./src/hotspot/share/prims/jni.cpp, line 616]
Event: 1043.582 Thread 0x000001671831d000 Exception <a 'sun/nio/fs/WindowsException'{0x000000060aea1b40}> (0x000000060aea1b40) thrown at [./src/hotspot/share/prims/jni.cpp, line 616]
Event: 1043.876 Thread 0x0000016718547000 Exception <a 'java/net/SocketTimeoutException'{0x0000000603059c70}: Accept timed out> (0x0000000603059c70) thrown at [./src/hotspot/share/prims/jni.cpp, line 637]
Event: 1044.980 Thread 0x0000016718547000 Exception <a 'java/net/SocketTimeoutException'{0x00000006079ccd28}: Accept timed out> (0x00000006079ccd28) thrown at [./src/hotspot/share/prims/jni.cpp, line 637]
Event: 1046.016 Thread 0x0000016718547000 Exception <a 'java/net/SocketTimeoutException'{0x00000006079cd150}: Accept timed out> (0x00000006079cd150) thrown at [./src/hotspot/share/prims/jni.cpp, line 637]
Event: 1047.084 Thread 0x0000016718547000 Exception <a 'java/net/SocketTimeoutException'{0x00000006079cd578}: Accept timed out> (0x00000006079cd578) thrown at [./src/hotspot/share/prims/jni.cpp, line 637]
Event: 1048.083 Thread 0x0000016718547000 Exception <a 'java/net/SocketTimeoutException'{0x0000000604e1fad8}: Accept timed out> (0x0000000604e1fad8) thrown at [./src/hotspot/share/prims/jni.cpp, line 637]
Event: 1049.083 Thread 0x0000016718547000 Exception <a 'java/net/SocketTimeoutException'{0x0000000604e1ff00}: Accept timed out> (0x0000000604e1ff00) thrown at [./src/hotspot/share/prims/jni.cpp, line 637]
Event: 1050.102 Thread 0x0000016718547000 Exception <a 'java/net/SocketTimeoutException'{0x00000006099eb9c8}: Accept timed out> (0x00000006099eb9c8) thrown at [./src/hotspot/share/prims/jni.cpp, line 637]
Event: 1051.104 Thread 0x0000016718547000 Exception <a 'java/net/SocketTimeoutException'{0x00000006099ebdf0}: Accept timed out> (0x00000006099ebdf0) thrown at [./src/hotspot/share/prims/jni.cpp, line 637]
Event: 1052.109 Thread 0x0000016718547000 Exception <a 'java/net/SocketTimeoutException'{0x0000000602fa19e8}: Accept timed out> (0x0000000602fa19e8) thrown at [./src/hotspot/share/prims/jni.cpp, line 637]
Event: 1053.117 Thread 0x0000016718547000 Exception <a 'java/net/SocketTimeoutException'{0x000000060680cbc8}: Accept timed out> (0x000000060680cbc8) thrown at [./src/hotspot/share/prims/jni.cpp, line 637]
Event: 1054.168 Thread 0x0000016718547000 Exception <a 'java/net/SocketTimeoutException'{0x000000060680cff0}: Accept timed out> (0x000000060680cff0) thrown at [./src/hotspot/share/prims/jni.cpp, line 637]
Event: 1055.203 Thread 0x0000016718547000 Exception <a 'java/net/SocketTimeoutException'{0x0000000607e109f0}: Accept timed out> (0x0000000607e109f0) thrown at [./src/hotspot/share/prims/jni.cpp, line 637]
Event: 1056.207 Thread 0x0000016718547000 Exception <a 'java/net/SocketTimeoutException'{0x0000000603fb3c70}: Accept timed out> (0x0000000603fb3c70) thrown at [./src/hotspot/share/prims/jni.cpp, line 637]

Events (20 events):
Event: 1056.361 Thread 0x0000016719111800 Thread added: 0x0000016719111800
Event: 1056.361 Thread 0x0000016719118800 Thread exited: 0x0000016719118800
Event: 1056.361 Thread 0x0000016719118800 Thread added: 0x0000016719118800
Event: 1056.361 Thread 0x0000016719117000 Thread exited: 0x0000016719117000
Event: 1056.361 Thread 0x0000016719117000 Thread added: 0x0000016719117000
Event: 1056.361 Thread 0x000001671b21d800 Thread exited: 0x000001671b21d800
Event: 1056.362 Thread 0x000001671911e800 Thread added: 0x000001671911e800
Event: 1056.362 Thread 0x000001671b21c000 Thread added: 0x000001671b21c000
Event: 1056.362 Thread 0x000001671b21d000 Thread added: 0x000001671b21d000
Event: 1056.362 Thread 0x0000016719119800 Thread exited: 0x0000016719119800
Event: 1056.362 Thread 0x000001671911c000 Thread exited: 0x000001671911c000
Event: 1056.362 Thread 0x000001671b220000 Thread added: 0x000001671b220000
Event: 1056.362 Thread 0x000001671b21d800 Thread added: 0x000001671b21d800
Event: 1056.362 Thread 0x000001671b223800 Thread added: 0x000001671b223800
Event: 1056.362 Thread 0x000001671911d000 Thread exited: 0x000001671911d000
Event: 1056.362 Thread 0x000001671b225000 Thread added: 0x000001671b225000
Event: 1056.363 Thread 0x000001671b228000 Thread added: 0x000001671b228000
Event: 1056.363 Thread 0x000001671911c000 Thread added: 0x000001671911c000
Event: 1056.363 Thread 0x0000016719119800 Thread added: 0x0000016719119800
Event: 1056.363 Thread 0x0000016719118800 Thread exited: 0x0000016719118800


Dynamic libraries:
0x00007ff7220a0000 - 0x00007ff7220ad000 	C:\Users\Soporte\Desktop\openxava-studio-7.6.2-r4\studio\jre\bin\javaw.exe
0x00007fffac460000 - 0x00007fffac6c8000 	C:\WINDOWS\SYSTEM32\ntdll.dll
0x00007fffab400000 - 0x00007fffab4c9000 	C:\WINDOWS\System32\KERNEL32.DLL
0x00007fffa9720000 - 0x00007fffa9b18000 	C:\WINDOWS\System32\KERNELBASE.dll
0x00007fffa9c50000 - 0x00007fffa9d9b000 	C:\WINDOWS\System32\ucrtbase.dll
0x00007fff88080000 - 0x00007fff88097000 	C:\Users\Soporte\Desktop\openxava-studio-7.6.2-r4\studio\jre\bin\jli.dll
0x00007fff93cd0000 - 0x00007fff93ce5000 	C:\Users\Soporte\Desktop\openxava-studio-7.6.2-r4\studio\jre\bin\VCRUNTIME140.dll
0x00007fffab960000 - 0x00007fffabb27000 	C:\WINDOWS\System32\USER32.dll
0x00007fffaa050000 - 0x00007fffaa077000 	C:\WINDOWS\System32\win32u.dll
0x00007fff8fa30000 - 0x00007fff8fcc4000 	C:\WINDOWS\WinSxS\amd64_microsoft.windows.common-controls_6595b64144ccf1df_6.0.26100.7019_none_3e06ffa0e335b8a8\COMCTL32.dll
0x00007fffac180000 - 0x00007fffac1ab000 	C:\WINDOWS\System32\GDI32.dll
0x00007fffab350000 - 0x00007fffab3f9000 	C:\WINDOWS\System32\msvcrt.dll
0x00007fffa9b20000 - 0x00007fffa9c4c000 	C:\WINDOWS\System32\gdi32full.dll
0x00007fffa9fa0000 - 0x00007fffaa043000 	C:\WINDOWS\System32\msvcp_win.dll
0x00007fffaabf0000 - 0x00007fffaac21000 	C:\WINDOWS\System32\IMM32.DLL
0x00007fff7b570000 - 0x00007fff7b60b000 	C:\Users\Soporte\Desktop\openxava-studio-7.6.2-r4\studio\jre\bin\msvcp140.dll
0x00007fff5e610000 - 0x00007fff5f0da000 	C:\Users\Soporte\Desktop\openxava-studio-7.6.2-r4\studio\jre\bin\server\jvm.dll
0x00007fffab5d0000 - 0x00007fffab684000 	C:\WINDOWS\System32\ADVAPI32.dll
0x00007fffaab40000 - 0x00007fffaabe6000 	C:\WINDOWS\System32\sechost.dll
0x00007fffab720000 - 0x00007fffab838000 	C:\WINDOWS\System32\RPCRT4.dll
0x00007fffab5c0000 - 0x00007fffab5c8000 	C:\WINDOWS\System32\PSAPI.DLL
0x00007fffa42e0000 - 0x00007fffa42ea000 	C:\WINDOWS\SYSTEM32\WSOCK32.dll
0x00007fffab010000 - 0x00007fffab084000 	C:\WINDOWS\System32\WS2_32.dll
0x00007fffa3280000 - 0x00007fffa328b000 	C:\WINDOWS\SYSTEM32\VERSION.dll
0x00007fff86f90000 - 0x00007fff86fc5000 	C:\WINDOWS\SYSTEM32\WINMM.dll
0x00007fffa8370000 - 0x00007fffa838b000 	C:\WINDOWS\SYSTEM32\kernel.appcore.dll
0x00007fff93e60000 - 0x00007fff93e70000 	C:\Users\Soporte\Desktop\openxava-studio-7.6.2-r4\studio\jre\bin\verify.dll
0x00007fff99230000 - 0x00007fff99472000 	C:\WINDOWS\SYSTEM32\DBGHELP.DLL
0x00007fffaac30000 - 0x00007fffaafbb000 	C:\WINDOWS\System32\combase.dll
0x00007fffab4d0000 - 0x00007fffab5a7000 	C:\WINDOWS\System32\OLEAUT32.dll
0x00007fff9bd50000 - 0x00007fff9bd8c000 	C:\WINDOWS\SYSTEM32\dbgcore.DLL
0x00007fffa95b0000 - 0x00007fffa9655000 	C:\WINDOWS\System32\bcryptPrimitives.dll
0x00007fff880a0000 - 0x00007fff880c8000 	C:\Users\Soporte\Desktop\openxava-studio-7.6.2-r4\studio\jre\bin\java.dll
0x00007fff93e50000 - 0x00007fff93e5a000 	C:\Users\Soporte\Desktop\openxava-studio-7.6.2-r4\studio\jre\bin\jimage.dll
0x00007fff93e40000 - 0x00007fff93e4e000 	C:\Users\Soporte\Desktop\openxava-studio-7.6.2-r4\studio\jre\bin\instrument.dll
0x00007fff88060000 - 0x00007fff88077000 	C:\Users\Soporte\Desktop\openxava-studio-7.6.2-r4\studio\jre\bin\zip.dll
0x00007fffaa200000 - 0x00007fffaa94f000 	C:\WINDOWS\System32\SHELL32.dll
0x00007fffa9e30000 - 0x00007fffa9f9b000 	C:\WINDOWS\System32\wintypes.dll
0x00007fffa7210000 - 0x00007fffa7a6d000 	C:\WINDOWS\SYSTEM32\windows.storage.dll
0x00007fffac320000 - 0x00007fffac412000 	C:\WINDOWS\System32\SHCORE.dll
0x00007fffabb40000 - 0x00007fffabba7000 	C:\WINDOWS\System32\shlwapi.dll
0x00007fffa94d0000 - 0x00007fffa94f9000 	C:\WINDOWS\SYSTEM32\profapi.dll
0x00007fff873f0000 - 0x00007fff87409000 	C:\Users\Soporte\Desktop\openxava-studio-7.6.2-r4\studio\jre\bin\net.dll
0x00007fffa2a80000 - 0x00007fffa2ba8000 	C:\WINDOWS\SYSTEM32\WINHTTP.dll
0x00007fffa88e0000 - 0x00007fffa894b000 	C:\WINDOWS\system32\mswsock.dll
0x00007fff86be0000 - 0x00007fff86bf2000 	C:\Users\Soporte\Desktop\openxava-studio-7.6.2-r4\studio\jre\bin\nio.dll
0x00007fffa8490000 - 0x00007fffa84c6000 	C:\WINDOWS\SYSTEM32\ntmarta.dll
0x00007fff88050000 - 0x00007fff88059000 	C:\Users\Soporte\Desktop\openxava-studio-7.6.2-r4\studio\jre\bin\management.dll
0x00007fff87480000 - 0x00007fff8748b000 	C:\Users\Soporte\Desktop\openxava-studio-7.6.2-r4\studio\jre\bin\management_ext.dll
0x00007fff8c8c0000 - 0x00007fff8c8ce000 	C:\Users\Soporte\Desktop\openxava-studio-7.6.2-r4\studio\jre\bin\sunmscapi.dll
0x00007fffaa080000 - 0x00007fffaa1f7000 	C:\WINDOWS\System32\CRYPT32.dll
0x00007fffa8dc0000 - 0x00007fffa8df0000 	C:\WINDOWS\SYSTEM32\ncrypt.dll
0x00007fffa8d70000 - 0x00007fffa8daf000 	C:\WINDOWS\SYSTEM32\NTASN1.dll
0x00007fff83760000 - 0x00007fff83785000 	C:\Users\Soporte\Desktop\openxava-studio-7.6.2-r4\studio\jre\bin\sunec.dll
0x00007fff5b7a0000 - 0x00007fff5b7b8000 	C:\WINDOWS\system32\napinsp.dll
0x00007fffa7dc0000 - 0x00007fffa7eec000 	C:\WINDOWS\SYSTEM32\DNSAPI.dll
0x00007fffa7d80000 - 0x00007fffa7db4000 	C:\WINDOWS\SYSTEM32\IPHLPAPI.DLL
0x00007fffab5b0000 - 0x00007fffab5ba000 	C:\WINDOWS\System32\NSI.dll
0x00007fff5b780000 - 0x00007fff5b792000 	C:\WINDOWS\System32\winrnr.dll
0x00007fff63460000 - 0x00007fff63482000 	C:\WINDOWS\system32\nlansp_c.dll
0x00007fff84230000 - 0x00007fff84246000 	C:\WINDOWS\system32\wshbth.dll
0x00007fffa0190000 - 0x00007fffa019b000 	C:\Windows\System32\rasadhlp.dll
0x00007fffa0760000 - 0x00007fffa07e6000 	C:\WINDOWS\System32\fwpuclnt.dll
0x00007fffa8ba0000 - 0x00007fffa8bbb000 	C:\WINDOWS\SYSTEM32\CRYPTSP.dll
0x00007fffa82d0000 - 0x00007fffa830a000 	C:\WINDOWS\system32\rsaenh.dll
0x00007fffa8990000 - 0x00007fffa89bb000 	C:\WINDOWS\SYSTEM32\USERENV.dll
0x00007fffa94a0000 - 0x00007fffa94ca000 	C:\WINDOWS\SYSTEM32\bcrypt.dll
0x00007fffa8bc0000 - 0x00007fffa8bcc000 	C:\WINDOWS\SYSTEM32\CRYPTBASE.dll
0x00007fffa2870000 - 0x00007fffa288e000 	C:\WINDOWS\SYSTEM32\dhcpcsvc6.DLL
0x00007fffa2840000 - 0x00007fffa2863000 	C:\WINDOWS\SYSTEM32\dhcpcsvc.DLL
0x00007fff63ab0000 - 0x00007fff63c49000 	C:\Users\Soporte\Desktop\openxava-studio-7.6.2-r4\studio\jre\bin\awt.dll
0x00007fffa6690000 - 0x00007fffa672f000 	C:\WINDOWS\SYSTEM32\apphelp.dll

dbghelp: loaded successfully - version: 4.0.5 - missing functions: none
symbol engine: initialized successfully - sym options: 0x614 - pdb path: .;C:\Users\Soporte\Desktop\openxava-studio-7.6.2-r4\studio\jre\bin;C:\WINDOWS\SYSTEM32;C:\WINDOWS\WinSxS\amd64_microsoft.windows.common-controls_6595b64144ccf1df_6.0.26100.7019_none_3e06ffa0e335b8a8;C:\Users\Soporte\Desktop\openxava-studio-7.6.2-r4\studio\jre\bin\server

VM Arguments:
jvm_args: -Dfile.encoding=UTF-8 
java_command: com.sta.biometric.run.biometric
java_class_path (initial): C:\Users\Soporte\git\biometric\target\classes;C:\Users\Soporte\.m2\repository\org\openxava\openxava\7.6.2\openxava-7.6.2.jar;C:\Users\Soporte\.m2\repository\junit\junit\4.13.2\junit-4.13.2.jar;C:\Users\Soporte\.m2\repository\org\hamcrest\hamcrest-core\1.3\hamcrest-core-1.3.jar;C:\Users\Soporte\.m2\repository\javax\inject\javax.inject\1\javax.inject-1.jar;C:\Users\Soporte\.m2\repository\javax\ejb\ejb-api\3.0\ejb-api-3.0.jar;C:\Users\Soporte\.m2\repository\javax\persistence\javax.persistence-api\2.2\javax.persistence-api-2.2.jar;C:\Users\Soporte\.m2\repository\javax\validation\validation-api\2.0.1.Final\validation-api-2.0.1.Final.jar;C:\Users\Soporte\.m2\repository\org\apache\commons\commons-lang3\3.18.0\commons-lang3-3.18.0.jar;C:\Users\Soporte\.m2\repository\commons-io\commons-io\2.18.0\commons-io-2.18.0.jar;C:\Users\Soporte\.m2\repository\commons-logging\commons-logging\1.3.5\commons-logging-1.3.5.jar;C:\Users\Soporte\.m2\repository\commons-collections\commons-collections\3.2.2\commons-collections-3.2.2.jar;C:\Users\Soporte\.m2\repository\commons-validator\commons-validator\1.10.0\commons-validator-1.10.0.jar;C:\Users\Soporte\.m2\repository\commons-beanutils\commons-beanutils\1.11.0\commons-beanutils-1.11.0.jar;C:\Users\Soporte\.m2\repository\commons-digester\commons-digester\2.1\commons-digester-2.1.jar;C:\Users\Soporte\.m2\repository\commons-fileupload\commons-fileupload\1.6.0\commons-fileupload-1.6.0.jar;C:\Users\Soporte\.m2\repository\org\hibernate\hibernate-core\5.6.15.Final\hibernate-core-5.6.15.Final.jar;C:\Users\Soporte\.m2\repository\org\jboss\logging\jboss-logging\3.4.3.Final\jboss-logging-3.4.3.Final.jar;C:\Users\Soporte\.m2\repository\net\bytebuddy\byte-buddy\1.12.18\byte-buddy-1.12.18.jar;C:\Users\Soporte\.m2\repository\antlr\antlr\2.7.7\antlr-2.7.7.jar;C:\Users\Soporte\.m2\repository\org\jboss\spec\javax\transaction\jboss-transaction-api_1.2_spec\1.1.1.Final\jboss-transaction-api_1.2_spec-1.1.1.Final.jar;C:\Users\Soporte\.
Launcher Type: SUN_STANDARD

[Global flags]
     intx CICompilerCount                          = 4                                         {product} {ergonomic}
   size_t InitialHeapSize                          = 534773760                                 {product} {ergonomic}
   size_t MaxHeapSize                              = 8545894400                                {product} {ergonomic}
   size_t MaxNewSize                               = 2848587776                                {product} {ergonomic}
   size_t MinHeapDeltaBytes                        = 196608                                    {product} {ergonomic}
   size_t NewSize                                  = 178257920                                 {product} {ergonomic}
    uintx NonNMethodCodeHeapSize                   = 5836300                                {pd product} {ergonomic}
    uintx NonProfiledCodeHeapSize                  = 122910970                              {pd product} {ergonomic}
   size_t OldSize                                  = 356515840                                 {product} {ergonomic}
    uintx ProfiledCodeHeapSize                     = 122910970                              {pd product} {ergonomic}
    uintx ReservedCodeCacheSize                    = 251658240                              {pd product} {ergonomic}
     bool SegmentedCodeCache                       = true                                      {product} {ergonomic}
     bool UseCompressedClassPointers               = true                                 {lp64_product} {ergonomic}
     bool UseCompressedOops                        = true                                 {lp64_product} {ergonomic}
     bool UseLargePagesIndividualAllocation        = false                                  {pd product} {ergonomic}
     bool UseSerialGC                              = true                                      {product} {ergonomic}

Logging:
Log output configuration:
 #0: stdout all=warning uptime,level,tags
 #1: stderr all=off uptime,level,tags

Environment Variables:
JAVA_HOME=C:\Program Files\Eclipse Adoptium\jdk-25.0.0.36-hotspot\
PATH=C:/Users/Soporte/Desktop/openxava-studio-7.6.2-r4//studio/jre/bin/server;C:/Users/Soporte/Desktop/openxava-studio-7.6.2-r4//studio/jre/bin;C:\Program Files\Eclipse Adoptium\jdk-25.0.0.36-hotspot\bin;C:\Program Files (x86)\Common Files\Intel\Shared Files\cpp\bin\Intel64;C:\Program Files\Eclipse Adoptium\jdk-17.0.15.6-hotspot\bin;C:\Program Files\Apache\Maven\apache-maven-3.9.10\bin;C:\WINDOWS\system32;C:\WINDOWS;C:\WINDOWS\System32\Wbem;C:\WINDOWS\System32\WindowsPowerShell\v1.0\;C:\WINDOWS\System32\OpenSSH\;C:\Program Files\Git\cmd;C:\Users\Soporte\AppData\Local\Microsoft\WindowsApps;C:\Users\Soporte\AppData\Local\Programs\Windsurf\bin;C:\Users\Soporte\AppData\Local\Programs\Antigravity\bin;C:\Users\Soporte\Desktop\openxava-studio-7.6.2-r4;
USERNAME=Soporte
OS=Windows_NT
PROCESSOR_IDENTIFIER=Intel64 Family 6 Model 165 Stepping 3, GenuineIntel



---------------  S Y S T E M  ---------------

OS: Windows 10 , 64 bit Build 26100 (10.0.26100.7019)
OS uptime: 2 days 2:06 hours

CPU:total 12 (initial active 12) (6 cores per cpu, 2 threads per core) family 6 model 165 stepping 3, cmov, cx8, fxsr, mmx, sse, sse2, sse3, ssse3, sse4.1, sse4.2, popcnt, avx, avx2, aes, clmul, erms, 3dnowpref, lzcnt, ht, tsc, tscinvbit, bmi1, bmi2, adx, fma

Memory: 4k page, system-wide physical 32597M (13361M free)
TotalPageFile size 37461M (AvailPageFile size 13652M)
current process WorkingSet (physical memory assigned to process): 555M, peak: 561M
current process commit charge ("private bytes"): 828M, peak: 842M

vm_info: Dynamic Code Evolution 64-Bit Server VM (11.0.8+1-202007270708) for windows-amd64 JRE (11.0.8+1-202007270708), built on Jul 27 2020 07:33:35 by "travis" with MS VC++ 15.9 (VS2017)

END.
