/*C6*/SET SCHEMA PUBLIC
DISCONNECT
/*C7*/SET SCHEMA PUBLIC
INSERT INTO AUDITORIAREGISTROS VALUES('402881a49b576256019b589a552e0000',0,0,0,FALSE,NULL,'2025-12-26',FALSE,NULL,NULL,FALSE,FALSE,0,0,0,NULL,NULL,NULL,NULL,NULL,NULL,0,NULL,NULL,'4028807a9b33138a019b3329d2550006')
DELETE FROM AUDITORIAREGISTROS WHERE ID='402881a49b576256019b589a552e0000'
INSERT INTO AUDITORIAREGISTROS VALUES('402881a49b576256019b589a552e0000',0,0,0,FALSE,0,'2025-12-26',FALSE,'6:00:00','15:00:00',FALSE,FALSE,540,0,0,NULL,NULL,NULL,'MANANA','\u23f3 Pendiente de ingreso. Turno programado: 06:00 a 15:00. (MANANA)',0.00,5,NULL,7800.00,'4028807a9b33138a019b3329d2550006')
INSERT INTO AUDITORIAREGISTROS VALUES('402881a49b576256019b589a55680001',0,0,0,FALSE,NULL,'2025-12-26',FALSE,NULL,NULL,FALSE,FALSE,0,0,0,NULL,NULL,NULL,NULL,NULL,NULL,0,NULL,NULL,'402881a39b2f5c5b019b2f6868870002')
DELETE FROM AUDITORIAREGISTROS WHERE ID='402881a49b576256019b589a55680001'
INSERT INTO AUDITORIAREGISTROS VALUES('402881a49b576256019b589a55680001',0,0,0,FALSE,0,'2025-12-26',FALSE,'9:00:00','18:00:00',FALSE,FALSE,540,0,0,NULL,NULL,NULL,'TARDE','\u23f3 Pendiente de ingreso. Turno programado: 09:00 a 18:00. (TARDE)',0.00,10,NULL,1000.00,'402881a39b2f5c5b019b2f6868870002')
INSERT INTO AUDITORIAREGISTROS VALUES('402881a49b576256019b589a556d0002',0,0,0,FALSE,NULL,'2025-12-26',FALSE,NULL,NULL,FALSE,FALSE,0,0,0,NULL,NULL,NULL,NULL,NULL,NULL,0,NULL,NULL,'402881a39b4d2967019b4d5283ce0001')
DELETE FROM AUDITORIAREGISTROS WHERE ID='402881a49b576256019b589a556d0002'
INSERT INTO AUDITORIAREGISTROS VALUES('402881a49b576256019b589a556d0002',0,0,0,TRUE,0,'2025-12-26',FALSE,'19:30:00','2:30:00',FALSE,FALSE,420,0,0,NULL,NULL,NULL,'NOCHE','\u23f3 Pendiente de ingreso. Turno programado: 19:30 a 02:30. (NOCHE)',0.00,5,NULL,1500.00,'402881a39b4d2967019b4d5283ce0001')
COMMIT
DELETE FROM PERSONAL WHERE ID='4028807a9b33138a019b3329d2550006'
INSERT INTO PERSONAL VALUES('4028807a9b33138a019b3329d2550006',TRUE,TRUE,'Gonzalez','( +54) 9 11','','( 54)','','1234','20-28641932-2','','Arias','1846','863','','-34.7878804,-58.3674563',NULL,'DIVORCIADO_A','1980-12-20','33243C46C0A800FA00000000D12AA976','2025-01-01','Gonzalez, Federico','Federico','',100.0,50.0,'Gerente','35','FGonzalez@35',7800.00,49,6,1,'4028807a9b33138a019b3329ce5a0005','402881a298bff1170198c0486cb70037','402881a39b2f5c5b019b2f68474d0000')
COMMIT
DELETE FROM PERSONAL WHERE ID='4028807a9b33138a019b3329d2550006'
INSERT INTO PERSONAL VALUES('4028807a9b33138a019b3329d2550006',TRUE,TRUE,'Gonzalez','( +54) 9 11','','( 54)','','1234','20-28641932-2','','Arias','1846','863','','-34.7878804,-58.3674563',NULL,'DIVORCIADO_A','1980-12-20','33243C46C0A800FA00000000D12AA976','2025-01-01','Gonzalez, Federico','Federico','',100.0,50.0,'Gerente','35','FGonzalez@35',7800.00,49,6,1,'4028807a9b33138a019b3329ce5a0005','402881a298bff1170198c0486cb70037','402881a39b2f5c5b019b2f68474d0000')
COMMIT
DELETE FROM PERSONAL WHERE ID='4028807a9b33138a019b3329d2550006'
INSERT INTO PERSONAL VALUES('4028807a9b33138a019b3329d2550006',TRUE,TRUE,'Gonzalez','( +54) 9 11','','( 54)','','1234','20-28641932-2','826ce5ac64337e70','Arias','1846','863','','-34.7878804,-58.3674563',NULL,'DIVORCIADO_A','1980-12-20','33243C46C0A800FA00000000D12AA976','2025-01-01','Gonzalez, Federico','Federico','',100.0,50.0,'Gerente','35','FGonzalez@35',7800.00,49,6,1,'4028807a9b33138a019b3329ce5a0005','402881a298bff1170198c0486cb70037','402881a39b2f5c5b019b2f68474d0000')
COMMIT
DELETE FROM PERSONAL WHERE ID='4028807a9b33138a019b3329d2550006'
INSERT INTO PERSONAL VALUES('4028807a9b33138a019b3329d2550006',TRUE,TRUE,'Gonzalez','( +54) 9 11','','( 54)','','12345678','20-28641932-2','826ce5ac64337e70','Arias','1846','863','','-34.7878804,-58.3674563',NULL,'DIVORCIADO_A','1980-12-20','33243C46C0A800FA00000000D12AA976','2025-01-01','Gonzalez, Federico','Federico','',100.0,50.0,'Gerente','35','FGonzalez@35',7800.00,49,6,1,'4028807a9b33138a019b3329ce5a0005','402881a298bff1170198c0486cb70037','402881a39b2f5c5b019b2f68474d0000')
COMMIT
INSERT INTO COLECCIONREGISTROS VALUES('402881a49b576256019b5b57ab880003','37.4219983,-122.084','ENTRADA TARDE','2025-12-26','12:47:10','Registro desde App','ENTRADA','402881a49b576256019b589a552e0000')
DELETE FROM AUDITORIAREGISTROS WHERE ID='402881a49b576256019b589a552e0000'
INSERT INTO AUDITORIAREGISTROS VALUES('402881a49b576256019b589a552e0000',0,0,0,FALSE,1,'2025-12-26',FALSE,'6:00:00','15:00:00',FALSE,FALSE,540,0,0,0.00,0.00,0.00,'MANANA','\ud83d\udd04 Jornada en curso. Ingreso: 12:47. \u26a0\ufe0f Llegada tarde: +407 min. Salida esperada: 15:00.',0.00,5,7800.00,7800.00,'4028807a9b33138a019b3329d2550006')
COMMIT
INSERT INTO COLECCIONREGISTROS VALUES('402881a49b576256019b5b58ba020004','37.4219983,-122.084','ENTRADA TARDE','2025-12-26','12:48:20','Registro desde App','ENTRADA','402881a49b576256019b589a55680001')
DELETE FROM AUDITORIAREGISTROS WHERE ID='402881a49b576256019b589a55680001'
INSERT INTO AUDITORIAREGISTROS VALUES('402881a49b576256019b589a55680001',0,0,0,FALSE,1,'2025-12-26',FALSE,'9:00:00','18:00:00',FALSE,FALSE,540,0,0,0.00,0.00,0.00,'TARDE','\ud83d\udd04 Jornada en curso. Ingreso: 12:48. \u26a0\ufe0f Llegada tarde: +228 min. Salida esperada: 18:00.',0.00,10,1000.00,1000.00,'402881a39b2f5c5b019b2f6868870002')
COMMIT
DELETE FROM LIQUIDACION_JORNADAS WHERE ID='4028807a9b3def55019b3defabba0000'
COMMIT
